 main

 Timestamp is 60f484f7 (Sun Jul 18 15:45:59 2021)

 Preferred load address is 0000000140000000

 Start         Length     Name                   Class
 0001:00000000 0006b250H .text$mn                CODE
 0001:0006b250 00001040H .text$mn$00             CODE
 0001:0006c290 00001c58H .text$x                 CODE
 0002:00000000 00000110H .CRT$XCA                DATA
 0002:00000110 00000110H .CRT$XCAA               DATA
 0002:00000220 00000110H .CRT$XCZ                DATA
 0002:00000330 00000110H .CRT$XIA                DATA
 0002:00000440 00000110H .CRT$XIAA               DATA
 0002:00000550 00000110H .CRT$XIAC               DATA
 0002:00000660 00000140H .CRT$XIC                DATA
 0002:000007a0 00000110H .CRT$XIZ                DATA
 0002:000008b0 00000110H .CRT$XPA                DATA
 0002:000009c0 00000120H .CRT$XPX                DATA
 0002:00000ae0 00000110H .CRT$XPXA               DATA
 0002:00000bf0 00000110H .CRT$XPZ                DATA
 0002:00000d00 00000110H .CRT$XTA                DATA
 0002:00000e10 00000110H .CRT$XTZ                DATA
 0002:00000f20 0000d260H .rdata                  DATA
 0002:0000e180 00000110H .rdata$CastGuardVftablesA DATA
 0002:0000e290 00000110H .rdata$CastGuardVftablesC DATA
 0002:0000e3a0 0000060cH .rdata$r                DATA
 0002:0000e9ac 0000015cH .rdata$zzzdbg           DATA
 0002:0000eb08 00000110H .rtc$IAA                DATA
 0002:0000ec18 00000110H .rtc$IZZ                DATA
 0002:0000ed28 00000110H .rtc$TAA                DATA
 0002:0000ee38 00000110H .rtc$TZZ                DATA
 0002:0000ef48 000066a0H .xdata                  DATA
 0002:000155e8 00000196H .xdata$x                DATA
 0002:0001577e 00000000H .edata                  DATA
 0003:00000000 00001170H .data                   DATA
 0003:00001170 00000190H .data$r                 DATA
 0003:00001300 00000230H .data$rs                DATA
 0003:00001530 00002071H .bss                    DATA
 0004:00000000 000050c4H .pdata                  DATA
 0005:00000000 00000388H .idata$5                DATA
 0005:00000388 00000014H .idata$2                DATA
 0005:0000039c 00000014H .idata$3                DATA
 0005:000003b0 00000388H .idata$4                DATA
 0005:00000738 000007e8H .idata$6                DATA
 0006:00000000 00000151H .00cfg                  DATA
 0007:00000000 00000232H _RDATA                  DATA

  Address         Publics by Value              Rva+Base               Lib:Object

 0000:00000000       ___safe_se_handler_count   0000000000000000     <absolute>
 0000:00000000       __guard_eh_cont_table      0000000000000000     <absolute>
 0000:00000000       __arm64x_redirection_metadata_count 0000000000000000     <absolute>
 0000:00000000       __enclave_config           0000000000000000     <absolute>
 0000:00000000       ___safe_se_handler_table   0000000000000000     <absolute>
 0000:00000000       __volatile_metadata        0000000000000000     <absolute>
 0000:00000000       __hybrid_auxiliary_iat_copy 0000000000000000     <absolute>
 0000:00000000       __hybrid_code_map_count    0000000000000000     <absolute>
 0000:00000000       __guard_iat_table          0000000000000000     <absolute>
 0000:00000000       __guard_fids_table         0000000000000000     <absolute>
 0000:00000000       __guard_fids_count         0000000000000000     <absolute>
 0000:00000000       __guard_longjmp_table      0000000000000000     <absolute>
 0000:00000000       __arm64x_extra_rfe_table   0000000000000000     <absolute>
 0000:00000000       __guard_longjmp_count      0000000000000000     <absolute>
 0000:00000000       __hybrid_auxiliary_iat     0000000000000000     <absolute>
 0000:00000000       __arm64x_extra_rfe_table_size 0000000000000000     <absolute>
 0000:00000000       __arm64x_native_entrypoint 0000000000000000     <absolute>
 0000:00000000       __guard_iat_count          0000000000000000     <absolute>
 0000:00000000       __dynamic_value_reloc_table 0000000000000000     <absolute>
 0000:00000000       __arm64x_redirection_metadata 0000000000000000     <absolute>
 0000:00000000       __AbsoluteZero             0000000000000000     <absolute>
 0000:00000000       __hybrid_code_map          0000000000000000     <absolute>
 0000:00000000       __x64_code_ranges_to_entry_points_count 0000000000000000     <absolute>
 0000:00000000       __x64_code_ranges_to_entry_points 0000000000000000     <absolute>
 0000:00000000       __guard_check_icall_a64n_fptr 0000000000000000     <absolute>
 0000:00000000       __guard_eh_cont_count      0000000000000000     <absolute>
 0000:00000100       __guard_flags              0000000000000100     <absolute>
 0000:00000000       __ImageBase                0000000140000000     <linker-defined>
 0001:00006894       _ungetc_nolock             0000000140007894 f   libucrt:ungetc.obj
 0001:000069bc       ungetc                     00000001400079bc f   libucrt:ungetc.obj
 0001:00006a14       _fgetwchar                 0000000140007a14 f   libucrt:fgetwc.obj
 0001:00006a2c       _getwc_nolock              0000000140007a2c f   libucrt:fgetwc.obj
 0001:00006a34       getwc                      0000000140007a34 f   libucrt:fgetwc.obj
 0001:00006a64       ??$getc_nolock@PEAU_iobuf@@@?$__crt_char_traits@D@@SAH$$QEAPEAU_iobuf@@@Z 0000000140007a64 f i libucrt:fgets.obj
 0001:00006a70       __local_stdio_printf_options 0000000140007a70 f i main.obj
 0001:00006aa0       ??$getc_nolock@PEAU_iobuf@@@?$__crt_char_traits@_W@@SAG$$QEAPEAU_iobuf@@@Z 0000000140007aa0 f i libucrt:fgets.obj
 0001:00006aa8       fgets                      0000000140007aa8 f   libucrt:fgets.obj
 0001:00006ab8       fgetws                     0000000140007ab8 f   libucrt:fgets.obj
 0001:00006b04       getwchar                   0000000140007b04 f   libucrt:fgetwc.obj
 0001:00006b8c       __GSHandlerCheck           0000000140007b8c f   LIBCMT:gshandler.obj
 0001:00006bb0       __GSHandlerCheckCommon     0000000140007bb0 f   LIBCMT:gshandler.obj
 0001:00006c40       __security_check_cookie    0000000140007c40 f   LIBCMT:amdsecgs.obj
 0001:00006f1c       fgetwc                     0000000140007f1c f   libucrt:fgetwc.obj
 0001:00006f7c       ?configure_argv@__scrt_narrow_argv_policy@@SAHXZ 0000000140007f7c f i LIBCMT:exe_main.obj
 0001:00006f98       ?initialize_environment@__scrt_narrow_environment_policy@@SAHXZ 0000000140007f98 f i LIBCMT:exe_main.obj
 0001:00006fe4       ?set_app_type@__scrt_main_policy@@SAXXZ 0000000140007fe4 f i LIBCMT:exe_main.obj
 0001:00006ff0       ?set_commode@__scrt_file_policy@@SAXXZ 0000000140007ff0 f i LIBCMT:exe_main.obj
 0001:00007010       ?set_fmode@__scrt_file_policy@@SAXXZ 0000000140008010 f i LIBCMT:exe_main.obj
 0001:0000702c       mainCRTStartup             000000014000802c f   LIBCMT:exe_main.obj
 0001:00007044       __raise_securityfailure    0000000140008044 f   LIBCMT:gs_report.obj
 0001:00007088       __report_gsfailure         0000000140008088 f   LIBCMT:gs_report.obj
 0001:00007160       ShowOptions                0000000140008160 f i main.obj
 0001:00007190       __report_rangecheckfailure 0000000140008190 f   LIBCMT:gs_report.obj
 0001:000071a8       __report_securityfailure   00000001400081a8 f   LIBCMT:gs_report.obj
 0001:0000726c       __report_securityfailureEx 000000014000826c f   LIBCMT:gs_report.obj
 0001:00007570       NtCurrentTeb               0000000140008570 f i LIBCMT:utility.obj
 0001:0000757c       __scrt_acquire_startup_lock 000000014000857c f   LIBCMT:utility.obj
 0001:000075c4       __scrt_dllmain_after_initialize_c 00000001400085c4 f   LIBCMT:utility.obj
 0001:00007608       __scrt_dllmain_before_initialize_c 0000000140008608 f   LIBCMT:utility.obj
 0001:00007624       __scrt_dllmain_crt_thread_attach 0000000140008624 f   LIBCMT:utility.obj
 0001:00007658       __scrt_dllmain_crt_thread_detach 0000000140008658 f   LIBCMT:utility.obj
 0001:00007674       __scrt_dllmain_exception_filter 0000000140008674 f   LIBCMT:utility.obj
 0001:000076ec       __scrt_dllmain_uninitialize_c 00000001400086ec f   LIBCMT:utility.obj
 0001:00007728       __scrt_dllmain_uninitialize_critical 0000000140008728 f   LIBCMT:utility.obj
 0001:00007744       __scrt_initialize_crt      0000000140008744 f   LIBCMT:utility.obj
 0001:000077a0       __scrt_initialize_onexit_tables 00000001400087a0 f   LIBCMT:utility.obj
 0001:00007850       __scrt_is_nonwritable_in_current_image 0000000140008850 f   LIBCMT:utility.obj
 0001:00007910       __scrt_release_startup_lock 0000000140008910 f   LIBCMT:utility.obj
 0001:00007940       __scrt_uninitialize_crt    0000000140008940 f   LIBCMT:utility.obj
 0001:00007974       _onexit                    0000000140008974 f   LIBCMT:utility.obj
 0001:000079bc       at_quick_exit              00000001400089bc f   LIBCMT:utility.obj
 0001:000079e0       atexit                     00000001400089e0 f   LIBCMT:utility.obj
 0001:00007a84       __security_init_cookie     0000000140008a84 f   LIBCMT:gs_support.obj
 0001:00007b5c       _matherr                   0000000140008b5c f   LIBCMT:matherr.obj
 0001:00007b60       _get_startup_argv_mode     0000000140008b60 f   LIBCMT:argv_mode.obj
 0001:00007b68       _get_startup_commit_mode   0000000140008b68 f   LIBCMT:commit_mode.obj
 0001:00007b6c       _get_startup_file_mode     0000000140008b6c f   LIBCMT:file_mode.obj
 0001:00007b74       _get_startup_new_mode      0000000140008b74 f   LIBCMT:new_mode.obj
 0001:00007b78       _get_startup_thread_locale_mode 0000000140008b78 f   LIBCMT:thread_locale.obj
 0001:00007b7c       ?__scrt_initialize_type_info@@YAXXZ 0000000140008b7c f   LIBCMT:tncleanup.obj
 0001:00007b90       ?__scrt_uninitialize_type_info@@YAXXZ 0000000140008b90 f   LIBCMT:tncleanup.obj
 0001:00007ba0       _should_initialize_environment 0000000140008ba0 f   LIBCMT:env_mode.obj
 0001:00007ba4       _initialize_invalid_parameter_handler 0000000140008ba4 f   LIBCMT:invalid_parameter_handler.obj
 0001:00007ba8       _initialize_denormal_control 0000000140008ba8 f   LIBCMT:denormal_control.obj
 0001:00007bac       __local_stdio_scanf_options 0000000140008bac f i LIBCMT:default_local_stdio_options.obj
 0001:00007bb8       __scrt_initialize_default_local_stdio_options 0000000140008bb8 f   LIBCMT:default_local_stdio_options.obj
 0001:00007bdc       __scrt_is_user_matherr_present 0000000140008bdc f   LIBCMT:matherr_detection.obj
 0001:00007bec       __scrt_get_dyn_tls_init_callback 0000000140008bec f   LIBCMT:dyn_tls_init.obj
 0001:00007bf8       __scrt_get_dyn_tls_dtor_callback 0000000140008bf8 f   LIBCMT:dyn_tls_dtor.obj
 0001:00007c04       __crt_debugger_hook        0000000140008c04 f   LIBCMT:utility_desktop.obj
 0001:00007c10       __scrt_fastfail            0000000140008c10 f   LIBCMT:utility_desktop.obj
 0001:00007d60       _vfprintf_l                0000000140008d60 f i main.obj
 0001:00007db0       __scrt_get_show_window_mode 0000000140008db0 f   LIBCMT:utility_desktop.obj
 0001:00007df8       __scrt_initialize_mta      0000000140008df8 f   LIBCMT:utility_desktop.obj
 0001:00007e00       __scrt_initialize_winrt    0000000140008e00 f   LIBCMT:utility_desktop.obj
 0001:00007e04       __scrt_is_managed_app      0000000140008e04 f   LIBCMT:utility_desktop.obj
 0001:00007e6c       __scrt_set_unhandled_exception_filter 0000000140008e6c f   LIBCMT:utility_desktop.obj
 0001:00007e80       __scrt_exe_initialize_mta  0000000140008e80 f   LIBCMT:utility_desktop.obj
 0001:00007e80       __scrt_stub_for_initialize_mta 0000000140008e80 f   LIBCMT:utility_desktop.obj
 0001:00007e84       __scrt_unhandled_exception_filter 0000000140008e84 f   LIBCMT:utility_desktop.obj
 0001:00007ef8       _RTC_Initialize            0000000140008ef8 f   LIBCMT:initsect.obj
 0001:00007f44       _RTC_Terminate             0000000140008f44 f   LIBCMT:initsect.obj
 0001:00007f90       _guard_check_icall_nop     0000000140008f90 f i LIBCMT:guard_support.obj
 0001:00007f94       ReadNoFence64              0000000140008f94 f i LIBCMT:guard_support.obj
 0001:00007f98       ReadPointerNoFence         0000000140008f98 f i LIBCMT:guard_support.obj
 0001:00007f9c       __castguard_check_failure_debugbreak 0000000140008f9c f i LIBCMT:guard_support.obj
 0001:00007fc0       __castguard_check_failure_fastfail 0000000140008fc0 f i LIBCMT:guard_support.obj
 0001:00007fec       __castguard_check_failure_nop 0000000140008fec f i LIBCMT:guard_support.obj
 0001:00007ff0       __castguard_check_failure_os_handled 0000000140008ff0 f i LIBCMT:guard_support.obj
 0001:00008064       __castguard_slow_path_check_debugbreak 0000000140009064 f i LIBCMT:guard_support.obj
 0001:000080a8       __castguard_slow_path_check_fastfail 00000001400090a8 f i LIBCMT:guard_support.obj
 0001:000080f0       __castguard_slow_path_check_nop 00000001400090f0 f i LIBCMT:guard_support.obj
 0001:000080f4       __castguard_slow_path_check_os_handled 00000001400090f4 f i LIBCMT:guard_support.obj
 0001:00008180       _guard_icall_checks_enforced 0000000140009180 f i LIBCMT:guard_support.obj
 0001:0000819c       _guard_rf_checks_enforced  000000014000919c f i LIBCMT:guard_support.obj
 0001:000081a0       __isa_available_init       00000001400091a0 f   LIBCMT:cpu_disp.obj
 0001:00008350       printf                     0000000140009350 f i main.obj
 0001:000083ac       __scrt_is_ucrt_dll_in_use  00000001400093ac f   LIBCMT:ucrt_detection.obj
 0001:000083c0       Sleep                      00000001400093c0 f   kernel32:KERNEL32.dll
 0001:000083c6       RtlCaptureContext          00000001400093c6 f   kernel32:KERNEL32.dll
 0001:000083cc       RtlLookupFunctionEntry     00000001400093cc f   kernel32:KERNEL32.dll
 0001:000083d2       RtlVirtualUnwind           00000001400093d2 f   kernel32:KERNEL32.dll
 0001:000083d8       UnhandledExceptionFilter   00000001400093d8 f   kernel32:KERNEL32.dll
 0001:000083de       SetUnhandledExceptionFilter 00000001400093de f   kernel32:KERNEL32.dll
 0001:000083e4       GetCurrentProcess          00000001400093e4 f   kernel32:KERNEL32.dll
 0001:000083ea       TerminateProcess           00000001400093ea f   kernel32:KERNEL32.dll
 0001:000083f0       IsProcessorFeaturePresent  00000001400093f0 f   kernel32:KERNEL32.dll
 0001:000083f6       QueryPerformanceCounter    00000001400093f6 f   kernel32:KERNEL32.dll
 0001:000083fc       GetCurrentProcessId        00000001400093fc f   kernel32:KERNEL32.dll
 0001:00008402       GetCurrentThreadId         0000000140009402 f   kernel32:KERNEL32.dll
 0001:00008408       GetSystemTimeAsFileTime    0000000140009408 f   kernel32:KERNEL32.dll
 0001:0000840e       InitializeSListHead        000000014000940e f   kernel32:KERNEL32.dll
 0001:00008414       IsDebuggerPresent          0000000140009414 f   kernel32:KERNEL32.dll
 0001:0000841a       GetStartupInfoW            000000014000941a f   kernel32:KERNEL32.dll
 0001:00008420       GetModuleHandleW           0000000140009420 f   kernel32:KERNEL32.dll
 0001:00008428       __C_specific_handler       0000000140009428 f   libvcruntime:riscchandler.obj
 0001:000086b8       __vcrt_initialize          00000001400096b8 f   libvcruntime:initialization.obj
 0001:000086ec       __vcrt_thread_attach       00000001400096ec f   libvcruntime:initialization.obj
 0001:00008708       __vcrt_thread_detach       0000000140009708 f   libvcruntime:initialization.obj
 0001:00008720       __vcrt_uninitialize        0000000140009720 f   libvcruntime:initialization.obj
 0001:00008740       __vcrt_uninitialize_critical 0000000140009740 f   libvcruntime:initialization.obj
 0001:00008768       ??$?RD@__crt_internal_free_policy@@QEBAXQEBD@Z 0000000140009768 f i libvcruntime:std_type_info.obj
 0001:00008774       ??$?RX@__crt_internal_free_policy@@QEBAXQEBX@Z 0000000140009774 f i libvcruntime:std_type_info.obj
 0001:00008780       ??$__crt_interlocked_compare_exchange_pointer@$$CBDPEAD$$T@@YAPEBDPEDSEBDQEAD$$T@Z 0000000140009780 f i libvcruntime:std_type_info.obj
 0001:0000878c       ??$__crt_interlocked_read_pointer@$$CBD@@YAPEBDPEDSEBD@Z 000000014000978c f i libvcruntime:std_type_info.obj
 0001:00008790       ??0?$__crt_unique_heap_ptr@DU__crt_internal_free_policy@@@@QEAA@QEAD@Z 0000000140009790 f i libvcruntime:std_type_info.obj
 0001:00008798       ??0?$__crt_unique_heap_ptr@XU__crt_internal_free_policy@@@@QEAA@QEAX@Z 0000000140009798 f i libvcruntime:std_type_info.obj
 0001:000087a0       ??1?$__crt_unique_heap_ptr@DU__crt_internal_free_policy@@@@QEAA@XZ 00000001400097a0 f i libvcruntime:std_type_info.obj
 0001:000087c4       ??1?$__crt_unique_heap_ptr@XU__crt_internal_free_policy@@@@QEAA@XZ 00000001400097c4 f i libvcruntime:std_type_info.obj
 0001:000087e8       ??B?$__crt_unique_heap_ptr@DU__crt_internal_free_policy@@@@QEBA_NXZ 00000001400097e8 f i libvcruntime:std_type_info.obj
 0001:000087f4       ??B?$__crt_unique_heap_ptr@XU__crt_internal_free_policy@@@@QEBA_NXZ 00000001400097f4 f i libvcruntime:std_type_info.obj
 0001:00008830       ?__crt_interlocked_read_64@@YA_JPED_J@Z 0000000140009830 f i libvcruntime:std_type_info.obj
 0001:00008834       ?detach@?$__crt_unique_heap_ptr@XU__crt_internal_free_policy@@@@QEAAPEAXXZ 0000000140009834 f i libvcruntime:std_type_info.obj
 0001:00008840       ?get@?$__crt_unique_heap_ptr@DU__crt_internal_free_policy@@@@QEBAPEADXZ 0000000140009840 f i libvcruntime:std_type_info.obj
 0001:00008844       ?get@?$__crt_unique_heap_ptr@XU__crt_internal_free_policy@@@@QEBAPEAXXZ 0000000140009844 f i libvcruntime:std_type_info.obj
 0001:00008848       ?is_valid@?$__crt_unique_heap_ptr@DU__crt_internal_free_policy@@@@QEBA_NXZ 0000000140009848 f i libvcruntime:std_type_info.obj
 0001:00008854       ?is_valid@?$__crt_unique_heap_ptr@XU__crt_internal_free_policy@@@@QEBA_NXZ 0000000140009854 f i libvcruntime:std_type_info.obj
 0001:00008860       ?release@?$__crt_unique_heap_ptr@DU__crt_internal_free_policy@@@@QEAAXXZ 0000000140009860 f i libvcruntime:std_type_info.obj
 0001:00008884       ?release@?$__crt_unique_heap_ptr@XU__crt_internal_free_policy@@@@QEAAXXZ 0000000140009884 f i libvcruntime:std_type_info.obj
 0001:000088a8       __std_type_info_compare    00000001400098a8 f   libvcruntime:std_type_info.obj
 0001:000088d8       __std_type_info_destroy_list 00000001400098d8 f   libvcruntime:std_type_info.obj
 0001:0000890c       __std_type_info_hash       000000014000990c f   libvcruntime:std_type_info.obj
 0001:00008954       __std_type_info_name       0000000140009954 f   libvcruntime:std_type_info.obj
 0001:00008ab0       __DestructExceptionObject  0000000140009ab0 f   libvcruntime:ehhelpers.obj
 0001:00008b38       ?_CallMemberFunction0@@YAXQEAX0@Z 0000000140009b38 f i libvcruntime:ehhelpers.obj
 0001:00008bac       ?raw_name@type_info@@QEBAPEBDXZ 0000000140009bac f i libvcruntime:ehhelpers.obj
 0001:00008bb4       _IsExceptionObjectToBeDestroyed 0000000140009bb4 f   libvcruntime:ehhelpers.obj
 0001:00008bf0       _SetWinRTOutOfMemoryExceptionCallback 0000000140009bf0 f   libvcruntime:ehhelpers.obj
 0001:00008bfc       __AdjustPointer            0000000140009bfc f   libvcruntime:ehhelpers.obj
 0001:00008c28       __FrameUnwindFilter        0000000140009c28 f   libvcruntime:ehhelpers.obj
 0001:00008ca8       __GetPlatformExceptionInfo 0000000140009ca8 f   libvcruntime:ehhelpers.obj
 0001:00008d1c       __current_exception        0000000140009d1c f   libvcruntime:ehhelpers.obj
 0001:00008d34       __current_exception_context 0000000140009d34 f   libvcruntime:ehhelpers.obj
 0001:00008d4c       __processing_throw         0000000140009d4c f   libvcruntime:ehhelpers.obj
 0001:00008d64       __std_terminate            0000000140009d64 f   libvcruntime:ehhelpers.obj
 0001:00008d70       _is_exception_typeof       0000000140009d70 f   libvcruntime:ehhelpers.obj
 0001:00008e50       memset_repmovs             0000000140009e50 f   libvcruntime:memset.obj
 0001:00008e70       memset                     0000000140009e70 f   libvcruntime:memset.obj
 0001:00009080       _NLG_Notify                000000014000a080 f   libvcruntime:notify.obj
 0001:000090a0       __NLG_Dispatch2            000000014000a0a0 f   libvcruntime:notify.obj
 0001:000090b0       __NLG_Return2              000000014000a0b0 f   libvcruntime:notify.obj
 0001:000090cc       __except_validate_context_record 000000014000a0cc f   libvcruntime:jbcxrval.obj
 0001:00009110       __except_validate_jump_buffer 000000014000a110 f   libvcruntime:jbcxrval.obj
 0001:00009160       __except_validate_jump_buffer_common 000000014000a160 f i libvcruntime:jbcxrval.obj
 0001:000091d4       ??$?RU__vcrt_ptd@@@__crt_internal_free_policy@@QEBAXQEBU__vcrt_ptd@@@Z 000000014000a1d4 f i libvcruntime:per_thread_data.obj
 0001:000091e0       ??0?$__crt_unique_heap_ptr@U__vcrt_ptd@@U__crt_internal_free_policy@@@@QEAA@QEAU__vcrt_ptd@@@Z 000000014000a1e0 f i libvcruntime:per_thread_data.obj
 0001:00009208       ??1?$__crt_unique_heap_ptr@U__vcrt_ptd@@U__crt_internal_free_policy@@@@QEAA@XZ 000000014000a208 f i libvcruntime:per_thread_data.obj
 0001:00009238       ??B?$__crt_unique_heap_ptr@U__vcrt_ptd@@U__crt_internal_free_policy@@@@QEBA_NXZ 000000014000a238 f i libvcruntime:per_thread_data.obj
 0001:00009244       ?detach@?$__crt_unique_heap_ptr@U__vcrt_ptd@@U__crt_internal_free_policy@@@@QEAAPEAU__vcrt_ptd@@XZ 000000014000a244 f i libvcruntime:per_thread_data.obj
 0001:00009250       ?get@?$__crt_unique_heap_ptr@U__vcrt_ptd@@U__crt_internal_free_policy@@@@QEBAPEAU__vcrt_ptd@@XZ 000000014000a250 f i libvcruntime:per_thread_data.obj
 0001:00009254       ?is_valid@?$__crt_unique_heap_ptr@U__vcrt_ptd@@U__crt_internal_free_policy@@@@QEBA_NXZ 000000014000a254 f i libvcruntime:per_thread_data.obj
 0001:00009260       ?release@?$__crt_unique_heap_ptr@U__vcrt_ptd@@U__crt_internal_free_policy@@@@QEAAXXZ 000000014000a260 f i libvcruntime:per_thread_data.obj
 0001:000092b8       __vcrt_freefls             000000014000a2b8 f   libvcruntime:per_thread_data.obj
 0001:000092e0       __vcrt_freeptd             000000014000a2e0 f   libvcruntime:per_thread_data.obj
 0001:00009340       __vcrt_getptd              000000014000a340 f   libvcruntime:per_thread_data.obj
 0001:00009360       __vcrt_getptd_noexit       000000014000a360 f   libvcruntime:per_thread_data.obj
 0001:00009450       __vcrt_getptd_noinit       000000014000a450 f   libvcruntime:per_thread_data.obj
 0001:000094b0       __vcrt_initialize_ptd      000000014000a4b0 f   libvcruntime:per_thread_data.obj
 0001:00009508       __vcrt_uninitialize_ptd    000000014000a508 f   libvcruntime:per_thread_data.obj
 0001:00009534       __vcrt_initialize_locks    000000014000a534 f   libvcruntime:locks.obj
 0001:00009574       __vcrt_lock                000000014000a574 f   libvcruntime:locks.obj
 0001:00009594       __vcrt_uninitialize_locks  000000014000a594 f   libvcruntime:locks.obj
 0001:000095d8       __vcrt_unlock              000000014000a5d8 f   libvcruntime:locks.obj
 0001:000095f8       ??$?0$00@DName@@QEAA@PEBDU?$StringLifeSelector@$00@@@Z 000000014000a5f8 f i libvcruntime:undname.obj
 0001:00009648       ??$?0$00@pcharNode@@QEAA@PEBDHU?$StringLifeSelector@$00@@@Z 000000014000a648 f i libvcruntime:undname.obj
 0001:00009664       ??$?0$01@DName@@QEAA@PEBDU?$StringLifeSelector@$01@@@Z 000000014000a664 f i libvcruntime:undname.obj
 0001:000096b4       ??$?0$01@pcharNode@@QEAA@PEBDHU?$StringLifeSelector@$01@@@Z 000000014000a6b4 f i libvcruntime:undname.obj
 0001:00009744       ??$?0$0A@@DName@@QEAA@PEBDU?$StringLifeSelector@$0A@@@@Z 000000014000a744 f i libvcruntime:undname.obj
 0001:00009794       ??$?0$0A@@pcharNode@@QEAA@PEBDHU?$StringLifeSelector@$0A@@@@Z 000000014000a794 f i libvcruntime:undname.obj
 0001:00009824       ??$?0_K$0A@@?$optional@_K@std@@QEAA@$$QEA_K@Z 000000014000a824 f i libvcruntime:undname.obj
 0001:00009838       ??$?0_K@?$_Optional_construct_base@_K@std@@QEAA@Uin_place_t@1@$$QEA_K@Z 000000014000a838 f i libvcruntime:undname.obj
 0001:0000984c       ??$?0_K@?$_Optional_destruct_base@_K$00@std@@QEAA@Uin_place_t@1@$$QEA_K@Z 000000014000a84c f i libvcruntime:undname.obj
 0001:00009860       ??$append@VDNameNode@@@DName@@AEAAXPEBVDNameNode@@@Z 000000014000a860 f i libvcruntime:undname.obj
 0001:000098dc       ??$append@VDNameStatusNode@@@DName@@AEAAXPEBVDNameStatusNode@@@Z 000000014000a8dc f i libvcruntime:undname.obj
 0001:00009958       ??$append@VcharNode@@@DName@@AEAAXPEBVcharNode@@@Z 000000014000a958 f i libvcruntime:undname.obj
 0001:000099d4       ??$append@VpDNameNode@@@DName@@AEAAXPEBVpDNameNode@@@Z 000000014000a9d4 f i libvcruntime:undname.obj
 0001:00009a50       ??$append@VpcharNode@@@DName@@AEAAXPEBVpcharNode@@@Z 000000014000aa50 f i libvcruntime:undname.obj
 0001:00009acc       ??$doPchar@$00@DName@@AEAAXPEBDH@Z 000000014000aacc f i libvcruntime:undname.obj
 0001:00009b98       ??$doPchar@$01@DName@@AEAAXPEBDH@Z 000000014000ab98 f i libvcruntime:undname.obj
 0001:00009c54       ??$doPchar@$0A@@DName@@AEAAXPEBDH@Z 000000014000ac54 f i libvcruntime:undname.obj
 0001:00009d10       ??$forward@_K@std@@YA$$QEA_KAEA_K@Z 000000014000ad10 f i libvcruntime:undname.obj
 0001:00009d14       ??$size@D$04@std@@YA_KAEAY04$$CBD@Z 000000014000ad14 f i libvcruntime:undname.obj
 0001:00009d1c       ??$size@D$0EB@@std@@YA_KAEAY0EB@$$CBD@Z 000000014000ad1c f i libvcruntime:undname.obj
 0001:00009d24       ??0?$_Optional_construct_base@_K@std@@QEAA@XZ 000000014000ad24 f i libvcruntime:undname.obj
 0001:00009d30       ??0?$_Optional_destruct_base@_K$00@std@@QEAA@XZ 000000014000ad30 f i libvcruntime:undname.obj
 0001:00009d3c       ??0?$optional@_K@std@@QEAA@XZ 000000014000ad3c f i libvcruntime:undname.obj
 0001:00009d48       ??0Block@_HeapManager@@QEAA@XZ 000000014000ad48 f i libvcruntime:undname.obj
 0001:00009d54       ??0DName@@QEAA@AEAPEBDD@Z  000000014000ad54 f   libvcruntime:undname.obj
 0001:00009e30       ??0DName@@QEAA@AEBUStringLiteral@@@Z 000000014000ae30 f   libvcruntime:undname.obj
 0001:00009e68       ??0DName@@QEAA@AEBV0@@Z    000000014000ae68 f i libvcruntime:undname.obj
 0001:00009e7c       ??0DName@@QEAA@D@Z         000000014000ae7c f   libvcruntime:undname.obj
 0001:00009ea4       ??0DName@@QEAA@PEAV0@@Z    000000014000aea4 f   libvcruntime:undname.obj
 0001:00009f48       ??0DName@@QEAA@W4DNameStatus@@@Z 000000014000af48 f   libvcruntime:undname.obj
 0001:00009f80       ??0DName@@QEAA@XZ          000000014000af80 f i libvcruntime:undname.obj
 0001:00009f90       ??0DName@@QEAA@_J@Z        000000014000af90 f   libvcruntime:undname.obj
 0001:0000a060       ??0DName@@QEAA@_K@Z        000000014000b060 f   libvcruntime:undname.obj
 0001:0000a10c       ??0DNameNode@@IEAA@XZ      000000014000b10c f i libvcruntime:undname.obj
 0001:0000a120       ??0Replicator@@QEAA@XZ     000000014000b120 f i libvcruntime:undname.obj
 0001:0000a134       ??0UnDecorator@@QEAA@PEBDP6APEADJ@ZK@Z 000000014000b134 f i libvcruntime:undname.obj
 0001:0000a198       ??0_Nontrivial_dummy_type@std@@QEAA@XZ 000000014000b198 f i libvcruntime:undname.obj
 0001:0000a19c       ??0charNode@@QEAA@D@Z      000000014000b19c f i libvcruntime:undname.obj
 0001:0000a1b4       ??0pDNameNode@@QEAA@PEAVDName@@@Z 000000014000b1b4 f   libvcruntime:undname.obj
 0001:0000a1e4       ??0pairNode@@QEAA@PEBVDNameNode@@0@Z 000000014000b1e4 f i libvcruntime:undname.obj
 0001:0000a20c       ??2@YAPEAX_KAEAV_HeapManager@@H@Z 000000014000b20c f   libvcruntime:undname.obj
 0001:0000a240       ??4DName@@QEAAAEAV0@AEBUStringLiteral@@@Z 000000014000b240 f   libvcruntime:undname.obj
 0001:0000a270       ??4DName@@QEAAAEAV0@AEBV0@@Z 000000014000b270 f   libvcruntime:undname.obj
 0001:0000a284       ??4DName@@QEAAAEAV0@D@Z    000000014000b284 f i libvcruntime:undname.obj
 0001:0000a2ac       ??4DName@@QEAAAEAV0@PEAV0@@Z 000000014000b2ac f   libvcruntime:undname.obj
 0001:0000a340       ??4DName@@QEAAAEAV0@W4DNameStatus@@@Z 000000014000b340 f   libvcruntime:undname.obj
 0001:0000a368       ??AReplicator@@QEBA?AVDName@@H@Z 000000014000b368 f   libvcruntime:undname.obj
 0001:0000a3b8       ??B?$optional@_K@std@@QEBA_NXZ 000000014000b3b8 f i libvcruntime:undname.obj
 0001:0000a3bc       ??D?$optional@_K@std@@QEGAAAEA_KXZ 000000014000b3bc f i libvcruntime:undname.obj
 0001:0000a3c0       ??H@YA?AVDName@@AEBUStringLiteral@@AEBV0@@Z 000000014000b3c0 f i libvcruntime:undname.obj
 0001:0000a404       ??H@YA?AVDName@@DAEBV0@@Z  000000014000b404 f i libvcruntime:undname.obj
 0001:0000a458       ??H@YA?AVDName@@W4DNameStatus@@AEBV0@@Z 000000014000b458 f i libvcruntime:undname.obj
 0001:0000a4b4       ??HDName@@QEBA?AV0@AEBUStringLiteral@@@Z 000000014000b4b4 f   libvcruntime:undname.obj
 0001:0000a4e8       ??HDName@@QEBA?AV0@AEBV0@@Z 000000014000b4e8 f   libvcruntime:undname.obj
 0001:0000a51c       ??HDName@@QEBA?AV0@D@Z     000000014000b51c f   libvcruntime:undname.obj
 0001:0000a550       ??HDName@@QEBA?AV0@PEAV0@@Z 000000014000b550 f   libvcruntime:undname.obj
 0001:0000a584       ??HDName@@QEBA?AV0@W4DNameStatus@@@Z 000000014000b584 f   libvcruntime:undname.obj
 0001:0000a5b8       ??HStringLiteral@@QEBA?AU0@H@Z 000000014000b5b8 f i libvcruntime:undname.obj
 0001:0000a5d4       ??YDName@@QEAAAEAV0@AEBUStringLiteral@@@Z 000000014000b5d4 f   libvcruntime:undname.obj
 0001:0000a674       ??YDName@@QEAAAEAV0@AEBV0@@Z 000000014000b674 f   libvcruntime:undname.obj
 0001:0000a754       ??YDName@@QEAAAEAV0@D@Z    000000014000b754 f   libvcruntime:undname.obj
 0001:0000a7dc       ??YDName@@QEAAAEAV0@PEAV0@@Z 000000014000b7dc f   libvcruntime:undname.obj
 0001:0000a894       ??YDName@@QEAAAEAV0@W4DNameStatus@@@Z 000000014000b894 f   libvcruntime:undname.obj
 0001:0000a91c       ??YReplicator@@QEAAAEAV0@AEBVDName@@@Z 000000014000b91c f   libvcruntime:undname.obj
 0001:0000a98c       ??_5DName@@QEAAAEAV0@AEBV0@@Z 000000014000b98c f   libvcruntime:undname.obj
 0001:0000a9a8       ??__K_l@@YA?AUStringLiteral@@PEBD_K@Z 000000014000b9a8 f i libvcruntime:undname.obj
 0001:0000a9b8       ?Constructor@_HeapManager@@QEAAXP6APEAX_K@ZP6AXPEAX@Z@Z 000000014000b9b8 f i libvcruntime:undname.obj
 0001:0000a9d4       ?Destructor@_HeapManager@@QEAAXXZ 000000014000b9d4 f i libvcruntime:undname.obj
 0001:0000aa3c       ?UScore@UnDecorator@@SA?AUStringLiteral@@W4Tokens@@@Z 000000014000ba3c f   libvcruntime:undname.obj
 0001:0000aa9c       ?composeDeclaration@UnDecorator@@CA?AVDName@@AEBV2@@Z 000000014000ba9c f i libvcruntime:undname.obj
 0001:0000b944       _fgetwc_nolock             000000014000c944 f   libucrt:fgetwc.obj
 0001:0000bcec       ?doAccessSpecifiers@UnDecorator@@SAHXZ 000000014000ccec f i libvcruntime:undname.obj
 0001:0000bd00       ?doAllocationLanguage@UnDecorator@@SAHXZ 000000014000cd00 f i libvcruntime:undname.obj
 0001:0000bd14       ?doAllocationModel@UnDecorator@@SAHXZ 000000014000cd14 f i libvcruntime:undname.obj
 0001:0000bd28       ?doEcsu@UnDecorator@@SAHXZ 000000014000cd28 f i libvcruntime:undname.obj
 0001:0000bd3c       ?doEllipsis@UnDecorator@@SAHXZ 000000014000cd3c f i libvcruntime:undname.obj
 0001:0000bd50       ?doFunctionReturns@UnDecorator@@SAHXZ 000000014000cd50 f i libvcruntime:undname.obj
 0001:0000bd64       ?doMSKeywords@UnDecorator@@SAHXZ 000000014000cd64 f i libvcruntime:undname.obj
 0001:0000bd78       ?doMemberTypes@UnDecorator@@SAHXZ 000000014000cd78 f i libvcruntime:undname.obj
 0001:0000bd8c       ?doNameOnly@UnDecorator@@SAHXZ 000000014000cd8c f i libvcruntime:undname.obj
 0001:0000bd9c       ?doNoIdentCharCheck@UnDecorator@@SAHXZ 000000014000cd9c f i libvcruntime:undname.obj
 0001:0000bdac       ?doPchar@DName@@AEAAXD@Z   000000014000cdac f   libvcruntime:undname.obj
 0001:0000be10       ?doPtr64@UnDecorator@@SAHXZ 000000014000ce10 f i libvcruntime:undname.obj
 0001:0000be24       ?doRestrictionSpec@UnDecorator@@SAHXZ 000000014000ce24 f i libvcruntime:undname.obj
 0001:0000be38       ?doThisTypes@UnDecorator@@SAHXZ 000000014000ce38 f i libvcruntime:undname.obj
 0001:0000be50       ?doThrowTypes@UnDecorator@@SAHXZ 000000014000ce50 f i libvcruntime:undname.obj
 0001:0000be64       ?doTypeOnly@UnDecorator@@SAHXZ 000000014000ce64 f i libvcruntime:undname.obj
 0001:0000be74       ?doUnderScore@UnDecorator@@SAHXZ 000000014000ce74 f i libvcruntime:undname.obj
 0001:0000be84       ?getAddressOf@UnDecorator@@CA?AVDName@@XZ 000000014000ce84 f   libvcruntime:undname.obj
 0001:0000bf38       ?getArgumentList@UnDecorator@@CA?AVDName@@XZ 000000014000cf38 f   libvcruntime:undname.obj
 0001:0000c130       ?getArgumentTypes@UnDecorator@@CA?AVDName@@XZ 000000014000d130 f   libvcruntime:undname.obj
 0001:0000c2e4       ?getArrayObject@UnDecorator@@CA?AVDName@@XZ 000000014000d2e4 f   libvcruntime:undname.obj
 0001:0000c3dc       ?getArrayType@UnDecorator@@CA?AVDName@@AEBV2@@Z 000000014000d3dc f i libvcruntime:undname.obj
 0001:0000c6b4       ?getBasedType@UnDecorator@@CA?AVDName@@XZ 000000014000d6b4 f   libvcruntime:undname.obj
 0001:0000c7e8       ?getBasicDataType@UnDecorator@@CA?AVDName@@AEBV2@@Z 000000014000d7e8 f   libvcruntime:undname.obj
 0001:0000cebc       ?getCHPEName@UnDecorator@@QEAAPEADPEADH@Z 000000014000debc f i libvcruntime:undname.obj
 0001:0000d020       ?getCallIndex@UnDecorator@@CA?AVDName@@XZ 000000014000e020 f i libvcruntime:undname.obj
 0001:0000d040       ?getCallingConvention@UnDecorator@@CA?AVDName@@XZ 000000014000e040 f   libvcruntime:undname.obj
 0001:0000d1d0       ?getDataIndirectType@UnDecorator@@CA?AVDName@@AEBV2@W4IndirectionKind@@0H@Z 000000014000e1d0 f   libvcruntime:undname.obj
 0001:0000dc8c       ?getDataIndirectType@UnDecorator@@CA?AVDName@@XZ 000000014000ec8c f i libvcruntime:undname.obj
 0001:0000dcd4       ?getDataType@UnDecorator@@CA?AVDName@@PEAV2@@Z 000000014000ecd4 f   libvcruntime:undname.obj
 0001:0000de2c       ?getDecoratedName@UnDecorator@@CA?AVDName@@XZ 000000014000ee2c f   libvcruntime:undname.obj
 0001:0000e1cc       ?getDimension@UnDecorator@@CA?AVDName@@_N@Z 000000014000f1cc f   libvcruntime:undname.obj
 0001:0000e368       ?getDispatchTarget@UnDecorator@@CA?AVDName@@XZ 000000014000f368 f   libvcruntime:undname.obj
 0001:0000e3c8       ?getDisplacement@UnDecorator@@CA?AVDName@@XZ 000000014000f3c8 f i libvcruntime:undname.obj
 0001:0000e3e8       ?getECSUDataType@UnDecorator@@CA?AVDName@@XZ 000000014000f3e8 f   libvcruntime:undname.obj
 0001:0000e640       ?getECSUName@UnDecorator@@CA?AVDName@@XZ 000000014000f640 f i libvcruntime:undname.obj
 0001:0000e65c       ?getEnumType@UnDecorator@@CA?AVDName@@XZ 000000014000f65c f i libvcruntime:undname.obj
 0001:0000e7d8       ?getExtendedDataIndirectType@UnDecorator@@CA?AVDName@@AEAW4IndirectionKind@@AEA_NH@Z 000000014000f7d8 f   libvcruntime:undname.obj
 0001:0000ea60       ?getExternalDataType@UnDecorator@@CA?AVDName@@AEBV2@@Z 000000014000fa60 f i libvcruntime:undname.obj
 0001:0000eb50       ?getFloatingPoint@UnDecorator@@CA?AVDName@@H@Z 000000014000fb50 f   libvcruntime:undname.obj
 0001:0000ecc0       ?getFunctionIndirectType@UnDecorator@@CA?AVDName@@AEBV2@@Z 000000014000fcc0 f   libvcruntime:undname.obj
 0001:0000f344       ?getGuardNumber@UnDecorator@@CA?AVDName@@XZ 0000000140010344 f i libvcruntime:undname.obj
 0001:0000f364       ?getLastChar@DName@@QEBADXZ 0000000140010364 f i libvcruntime:undname.obj
 0001:0000f384       ?getLastChar@DNameStatusNode@@UEBADXZ 0000000140010384 f i libvcruntime:undname.obj
 0001:0000f394       ?getLastChar@charNode@@UEBADXZ 0000000140010394 f i libvcruntime:undname.obj
 0001:0000f398       ?getLastChar@pDNameNode@@UEBADXZ 0000000140010398 f i libvcruntime:undname.obj
 0001:0000f3cc       ?getLastChar@pairNode@@UEBADXZ 00000001400103cc f i libvcruntime:undname.obj
 0001:0000f410       ?getLastChar@pcharNode@@UEBADXZ 0000000140010410 f i libvcruntime:undname.obj
 0001:0000f42c       ?getLexicalFrame@UnDecorator@@CA?AVDName@@XZ 000000014001042c f i libvcruntime:undname.obj
 0001:0000f4a8       ?getMemberAccess@UnDecorator@@CA?AVDName@@XZ 00000001400104a8 f   libvcruntime:undname.obj
 0001:0000f560       ?getMemoryWithBuffer@_HeapManager@@QEAAPEAX_K@Z 0000000140010560 f   libvcruntime:undname.obj
 0001:0000f614       ?getMemoryWithoutBuffer@_HeapManager@@QEAAPEAX_K@Z 0000000140010614 f   libvcruntime:undname.obj
 0001:0000f62c       ?getNoexcept@UnDecorator@@CA?AVDName@@XZ 000000014001062c f   libvcruntime:undname.obj
 0001:0000f6a8       ?getNumberOfDimensions@UnDecorator@@CAHXZ 00000001400106a8 f   libvcruntime:undname.obj
 0001:0000f738       ?getOperatorName@UnDecorator@@CA?AVDName@@_NPEA_N@Z 0000000140010738 f i libvcruntime:undname.obj
 0001:000103a8       ?getPointerToMember@UnDecorator@@CA?AVDName@@XZ 00000001400113a8 f   libvcruntime:undname.obj
 0001:000104dc       ?getPointerType@UnDecorator@@CA?AVDName@@AEBV2@0@Z 00000001400114dc f i libvcruntime:undname.obj
 0001:00010500       ?getPointerTypeArray@UnDecorator@@CA?AVDName@@AEBV2@0@Z 0000000140011500 f i libvcruntime:undname.obj
 0001:00010520       ?getPrimaryDataType@UnDecorator@@CA?AVDName@@AEBV2@@Z 0000000140011520 f   libvcruntime:undname.obj
 0001:00010880       ?getPtrRefDataType@UnDecorator@@CA?AVDName@@AEBV2@H@Z 0000000140011880 f   libvcruntime:undname.obj
 0001:00010ac0       ?getPtrRefType@UnDecorator@@CA?AVDName@@AEBV2@0W4IndirectionKind@@@Z 0000000140011ac0 f   libvcruntime:undname.obj
 0001:00010d0c       ?getReferenceType@UnDecorator@@CA?AVDName@@AEBV2@0W4IndirectionKind@@@Z 0000000140011d0c f i libvcruntime:undname.obj
 0001:00010d28       ?getRestrictionSpec@UnDecorator@@CA?AVDName@@XZ 0000000140011d28 f   libvcruntime:undname.obj
 0001:00010f68       ?getReturnType@UnDecorator@@CA?AVDName@@PEAV2@@Z 0000000140011f68 f   libvcruntime:undname.obj
 0001:00010fac       ?getScope@UnDecorator@@CA?AVDName@@XZ 0000000140011fac f   libvcruntime:undname.obj
 0001:0001158c       ?getScopedName@UnDecorator@@CA?AVDName@@XZ 000000014001258c f   libvcruntime:undname.obj
 0001:00011714       ?getSignedDimension@UnDecorator@@CA?AVDName@@XZ 0000000140012714 f   libvcruntime:undname.obj
 0001:000117bc       ?getStorageConvention@UnDecorator@@CA?AVDName@@XZ 00000001400127bc f i libvcruntime:undname.obj
 0001:00011804       ?getString@DName@@QEBAPEADPEAD0@Z 0000000140012804 f i libvcruntime:undname.obj
 0001:00011824       ?getString@DName@@QEBAPEADPEADH@Z 0000000140012824 f i libvcruntime:undname.obj
 0001:000118dc       ?getString@DNameStatusNode@@UEBAPEADPEAD0@Z 00000001400128dc f i libvcruntime:undname.obj
 0001:00011934       ?getString@charNode@@UEBAPEADPEAD0@Z 0000000140012934 f i libvcruntime:undname.obj
 0001:0001194c       ?getString@pDNameNode@@UEBAPEADPEAD0@Z 000000014001294c f i libvcruntime:undname.obj
 0001:00011984       ?getString@pairNode@@UEBAPEADPEAD0@Z 0000000140012984 f i libvcruntime:undname.obj
 0001:000119e4       ?getString@pcharNode@@UEBAPEADPEAD0@Z 00000001400129e4 f i libvcruntime:undname.obj
 0001:00011a28       ?getStringEncoding@UnDecorator@@CA?AVDName@@W4PrefixKind@@H@Z 0000000140012a28 f   libvcruntime:undname.obj
 0001:00011b44       ?getStringHelper@@YAPEADPEADPEBD1H@Z 0000000140012b44 f i libvcruntime:undname.obj
 0001:00011b7c       ?getStringObject@UnDecorator@@CA?AVDName@@XZ 0000000140012b7c f   libvcruntime:undname.obj
 0001:00011c00       ?getSymbolName@UnDecorator@@CA?AVDName@@XZ 0000000140012c00 f i libvcruntime:undname.obj
 0001:00011c60       ?getTemplateArgumentList@UnDecorator@@CA?AVDName@@XZ 0000000140012c60 f   libvcruntime:undname.obj
 0001:00011f70       ?getTemplateName@UnDecorator@@CA?AVDName@@_N@Z 0000000140012f70 f   libvcruntime:undname.obj
 0001:000122a8       ?getTemplateNonTypeArgument@UnDecorator@@CA?AVDName@@XZ 00000001400132a8 f   libvcruntime:undname.obj
 0001:000128f4       ?getTemplateTypeArgument@UnDecorator@@CA?AVDName@@XZ 00000001400138f4 f   libvcruntime:undname.obj
 0001:00012ab4       ?getThisType@UnDecorator@@CA?AVDName@@XZ 0000000140013ab4 f i libvcruntime:undname.obj
 0001:00012b04       ?getThrowTypes@UnDecorator@@CA?AVDName@@XZ 0000000140013b04 f   libvcruntime:undname.obj
 0001:00012b30       ?getTypeEncoding@UnDecorator@@CAHXZ 0000000140013b30 f i libvcruntime:undname.obj
 0001:00012fa4       ?getUndecoratedName@UnDecorator@@QEAAPEADPEADH@Z 0000000140013fa4 f i libvcruntime:undname.obj
 0001:0001314c       ?getUnionObject@UnDecorator@@CA?AVDName@@XZ 000000014001414c f   libvcruntime:undname.obj
 0001:00013258       ?getVCallThunkType@UnDecorator@@CA?AVDName@@XZ 0000000140014258 f i libvcruntime:undname.obj
 0001:000132ec       ?getValue@UnDecorator@@CA?AV?$optional@_K@std@@XZ 00000001400142ec f   libvcruntime:undname.obj
 0001:0001337c       ?getValueObject@UnDecorator@@CA?AVDName@@XZ 000000014001437c f   libvcruntime:undname.obj
 0001:00013528       ?getVbTableType@UnDecorator@@CA?AVDName@@AEBV2@@Z 0000000140014528 f i libvcruntime:undname.obj
 0001:00013544       ?getVdispMapType@UnDecorator@@CA?AVDName@@AEBV2@@Z 0000000140014544 f i libvcruntime:undname.obj
 0001:000135e0       ?getVfTableType@UnDecorator@@CA?AVDName@@AEBV2@@Z 00000001400145e0 f i libvcruntime:undname.obj
 0001:00013868       ?getZName@UnDecorator@@CA?AVDName@@_N0@Z 0000000140014868 f   libvcruntime:undname.obj
 0001:00013c08       ?haveTemplateParameters@UnDecorator@@SAHXZ 0000000140014c08 f i libvcruntime:undname.obj
 0001:00013c18       ?isArray@DName@@QEBAHXZ    0000000140014c18 f i libvcruntime:undname.obj
 0001:00013c24       ?isComArray@DName@@QEBAHXZ 0000000140014c24 f i libvcruntime:undname.obj
 0001:00013c30       ?isEmpty@DName@@QEBAHXZ    0000000140014c30 f i libvcruntime:undname.obj
 0001:00013c3c       ?isFull@Replicator@@QEBAHXZ 0000000140014c3c f i libvcruntime:undname.obj
 0001:00013c48       ?isNoTE@DName@@QEBAHXZ     0000000140014c48 f i libvcruntime:undname.obj
 0001:00013c54       ?isPinPtr@DName@@QEBAHXZ   0000000140014c54 f i libvcruntime:undname.obj
 0001:00013c60       ?isPtrRef@DName@@QEBAHXZ   0000000140014c60 f i libvcruntime:undname.obj
 0001:00013c6c       ?isUDC@DName@@QEBAHXZ      0000000140014c6c f i libvcruntime:undname.obj
 0001:00013c88       ?isUDTThunk@DName@@QEBAHXZ 0000000140014c88 f i libvcruntime:undname.obj
 0001:00013ca4       ?isVCallThunk@DName@@QEBAHXZ 0000000140014ca4 f i libvcruntime:undname.obj
 0001:00013cb0       ?isValid@DName@@QEBAHXZ    0000000140014cb0 f i libvcruntime:undname.obj
 0001:00013cbc       ?length@DName@@QEBAHXZ     0000000140014cbc f i libvcruntime:undname.obj
 0001:00013cdc       ?length@DNameStatusNode@@UEBAHXZ 0000000140014cdc f i libvcruntime:undname.obj
 0001:00013ce0       ?length@charNode@@UEBAHXZ  0000000140014ce0 f i libvcruntime:undname.obj
 0001:00013ce8       ?length@pDNameNode@@UEBAHXZ 0000000140014ce8 f i libvcruntime:undname.obj
 0001:00013d1c       ?length@pairNode@@UEBAHXZ  0000000140014d1c f i libvcruntime:undname.obj
 0001:00013d74       ?length@pcharNode@@UEBAHXZ 0000000140014d74 f i libvcruntime:undname.obj
 0001:00013d78       ?make@DNameStatusNode@@SAPEBV1@W4DNameStatus@@@Z 0000000140014d78 f i libvcruntime:undname.obj
 0001:00013da0       ?parseDecoratedName@UnDecorator@@CA?AVDName@@XZ 0000000140014da0 f   libvcruntime:undname.obj
 0001:00013ef8       ?raw_length@DNameStatusNode@@UEBAHXZ 0000000140014ef8 f i libvcruntime:undname.obj
 0001:00013efc       ?raw_length@charNode@@UEBAHXZ 0000000140014efc f i libvcruntime:undname.obj
 0001:00013f04       ?raw_length@pDNameNode@@UEBAHXZ 0000000140014f04 f i libvcruntime:undname.obj
 0001:00013f08       ?raw_length@pairNode@@UEBAHXZ 0000000140014f08 f i libvcruntime:undname.obj
 0001:00013f0c       ?raw_length@pcharNode@@UEBAHXZ 0000000140014f0c f i libvcruntime:undname.obj
 0001:00013f10       ?setIsArray@DName@@QEAAXXZ 0000000140014f10 f i libvcruntime:undname.obj
 0001:00013f18       ?setIsComArray@DName@@QEAAXXZ 0000000140014f18 f i libvcruntime:undname.obj
 0001:00013f20       ?setIsNoTE@DName@@QEAAXXZ  0000000140014f20 f i libvcruntime:undname.obj
 0001:00013f28       ?setIsPinPtr@DName@@QEAAXXZ 0000000140014f28 f i libvcruntime:undname.obj
 0001:00013f30       ?setIsUDC@DName@@QEAAXXZ   0000000140014f30 f i libvcruntime:undname.obj
 0001:00013f40       ?setIsVCallThunk@DName@@QEAAXXZ 0000000140014f40 f i libvcruntime:undname.obj
 0001:00013f48       ?setPtrRef@DName@@QEAAAEAV1@XZ 0000000140014f48 f i libvcruntime:undname.obj
 0001:00013f54       ?status@DName@@QEBA?AW4DNameStatus@@XZ 0000000140014f54 f i libvcruntime:undname.obj
 0001:00013fcc       __unDName                  0000000140014fcc f   libvcruntime:undname.obj
 0001:00013ffc       __unDNameEx                0000000140014ffc f   libvcruntime:undname.obj
 0001:0001417c       _vsprintf_s_l              000000014001517c f i libvcruntime:undname.obj
 0001:000141f8       sprintf_s                  00000001400151f8 f i libvcruntime:undname.obj
 0001:00014260       unDNameGenerateCHPE        0000000140015260 f   libvcruntime:undname.obj
 0001:000143a8       ??$__crt_interlocked_exchange_pointer@UHINSTANCE__@@PEAU1@@@YAPEAUHINSTANCE__@@PEDSEAU0@QEAU0@@Z 00000001400153a8 f i libvcruntime:winapi_downlevel.obj
 0001:000143b0       ??$__crt_interlocked_exchange_pointer@UHINSTANCE__@@PEAX@@YAPEAUHINSTANCE__@@PEDSEAU0@QEAX@Z 00000001400153b0 f i libvcruntime:winapi_downlevel.obj
 0001:000143b8       ??$__crt_interlocked_exchange_pointer@XPEAX@@YAPEAXPEDSEAXQEAX@Z 00000001400153b8 f i libvcruntime:winapi_downlevel.obj
 0001:000143c0       ??$__crt_interlocked_read_pointer@UHINSTANCE__@@@@YAPEAUHINSTANCE__@@PEDSEAU0@@Z 00000001400153c0 f i libvcruntime:winapi_downlevel.obj
 0001:000143c4       ??$__crt_interlocked_read_pointer@X@@YAPEAXPEDSEAX@Z 00000001400153c4 f i libvcruntime:winapi_downlevel.obj
 0001:00014a44       __vcrt_FlsAlloc            0000000140015a44 f   libvcruntime:winapi_downlevel.obj
 0001:00014a9c       __vcrt_FlsFree             0000000140015a9c f   libvcruntime:winapi_downlevel.obj
 0001:00014af4       __vcrt_FlsGetValue         0000000140015af4 f   libvcruntime:winapi_downlevel.obj
 0001:00014b4c       __vcrt_FlsSetValue         0000000140015b4c f   libvcruntime:winapi_downlevel.obj
 0001:00014bb4       __vcrt_InitializeCriticalSectionEx 0000000140015bb4 f   libvcruntime:winapi_downlevel.obj
 0001:00014c30       ??$__crt_interlocked_exchange_pointer@$$A6AXXZP6AXXZ@@YAP6AXXZPEDS6AXXZQ6AXXZ@Z 0000000140015c30 f i libvcruntime:purevirt.obj
 0001:00014c38       ??$__crt_interlocked_read_pointer@$$A6AXXZ@@YAP6AXXZPEDS6AXXZ@Z 0000000140015c38 f i libvcruntime:purevirt.obj
 0001:00014c3c       _get_purecall_handler      0000000140015c3c f   libvcruntime:purevirt.obj
 0001:00014c48       _purecall                  0000000140015c48 f   libvcruntime:purevirt.obj
 0001:00014c68       _set_purecall_handler      0000000140015c68 f   libvcruntime:purevirt.obj
 0001:00014c78       ??$?0AEAViterator@TryBlockMap4@FH4@@AEAV012@$0A@@?$pair@Viterator@TryBlockMap4@FH4@@V123@@std@@QEAA@AEAViterator@TryBlockMap4@FH4@@0@Z 0000000140015c78 f i libvcruntime:risctrnsctrl.obj
 0001:00014c94       ??$?0AEAViterator@TryBlockMap@__FrameHandler3@@AEAV012@$0A@@?$pair@Viterator@TryBlockMap@__FrameHandler3@@V123@@std@@QEAA@AEAViterator@TryBlockMap@__FrameHandler3@@0@Z 0000000140015c94 f i libvcruntime:risctrnsctrl.obj
 0001:00014e3c       ??$_CallSETranslator@V__FrameHandler3@@@@YAHPEAUEHExceptionRecord@@PEA_KPEAU_CONTEXT@@PEAU_xDISPATCHER_CONTEXT@@PEBU_s_FuncInfo@@K1H@Z 0000000140015e3c f i libvcruntime:risctrnsctrl.obj
 0001:00014ea4       ??$_CallSETranslator@V__FrameHandler4@@@@YAHPEAUEHExceptionRecord@@PEA_KPEAU_CONTEXT@@PEAU_xDISPATCHER_CONTEXT@@PEAUFuncInfo4@FH4@@K1H@Z 0000000140015ea4 f i libvcruntime:risctrnsctrl.obj
 0001:00014f0c       ??$forward@AEAViterator@TryBlockMap4@FH4@@@std@@YAAEAViterator@TryBlockMap4@FH4@@AEAV123@@Z 0000000140015f0c f i libvcruntime:risctrnsctrl.obj
 0001:00014f10       ??$forward@AEAViterator@TryBlockMap@__FrameHandler3@@@std@@YAAEAViterator@TryBlockMap@__FrameHandler3@@AEAV123@@Z 0000000140015f10 f i libvcruntime:risctrnsctrl.obj
 0001:00014f14       ??0FuncInfo4@FH4@@QEAA@XZ  0000000140015f14 f i libvcruntime:risctrnsctrl.obj
 0001:00014f2c       ??0FuncInfoHeader@FH4@@QEAA@XZ 0000000140015f2c f i libvcruntime:risctrnsctrl.obj
 0001:00014f34       ??0iterator@TryBlockMap4@FH4@@QEAA@AEAV12@I@Z 0000000140015f34 f i libvcruntime:risctrnsctrl.obj
 0001:00014f44       ??0iterator@TryBlockMap@__FrameHandler3@@QEAA@AEAV12@I@Z 0000000140015f44 f i libvcruntime:risctrnsctrl.obj
 0001:00014f54       ??4iterator@TryBlockMap4@FH4@@QEAAAEAV012@AEBV012@@Z 0000000140015f54 f i libvcruntime:risctrnsctrl.obj
 0001:00014f60       ??9iterator@TryBlockMap4@FH4@@QEBA_NAEBV012@@Z 0000000140015f60 f i libvcruntime:risctrnsctrl.obj
 0001:00014f6c       ??Diterator@TryBlockMap4@FH4@@QEAA?AUTryBlockMapEntry4@2@XZ 0000000140015f6c f i libvcruntime:risctrnsctrl.obj
 0001:00014f80       ??Eiterator@TryBlockMap4@FH4@@QEAAAEAV012@XZ 0000000140015f80 f i libvcruntime:risctrnsctrl.obj
 0001:00015044       ?CatchTryBlock@__FrameHandler3@@SAPEBU_s_TryBlockMapEntry@@PEBU_s_FuncInfo@@H@Z 0000000140016044 f   libvcruntime:risctrnsctrl.obj
 0001:000150ac       ?DecompFuncInfo@FH4@@YA_JPEAEAEAUFuncInfo4@1@_KH@Z 00000001400160ac f i libvcruntime:risctrnsctrl.obj
 0001:000150c4       ?DecompFuncInfo@FH4@@YA_JPEAEAEAUFuncInfo4@1@_KH_N@Z 00000001400160c4 f i libvcruntime:risctrnsctrl.obj
 0001:00015230       ?DecompTryBlock@TryBlockMap4@FH4@@AEAAXXZ 0000000140016230 f i libvcruntime:risctrnsctrl.obj
 0001:000152e8       ?ExecutionInCatch@__FrameHandler3@@SA_NPEAU_xDISPATCHER_CONTEXT@@PEBU_s_FuncInfo@@@Z 00000001400162e8 f   libvcruntime:risctrnsctrl.obj
 0001:0001531c       ?ExecutionInCatch@__FrameHandler4@@SA_NPEAU_xDISPATCHER_CONTEXT@@PEAUFuncInfo4@FH4@@@Z 000000014001631c f   libvcruntime:risctrnsctrl.obj
 0001:00015324       ?FrameUnwindToEmptyState@__FrameHandler3@@SAXPEA_KPEAU_xDISPATCHER_CONTEXT@@PEBU_s_FuncInfo@@@Z 0000000140016324 f   libvcruntime:risctrnsctrl.obj
 0001:000153a4       ?FrameUnwindToEmptyState@__FrameHandler4@@SAXPEA_KPEAU_xDISPATCHER_CONTEXT@@PEAUFuncInfo4@FH4@@@Z 00000001400163a4 f   libvcruntime:risctrnsctrl.obj
 0001:000153e4       ?GetEstablisherFrame@__FrameHandler3@@SAPEA_KPEA_KPEAU_xDISPATCHER_CONTEXT@@PEBU_s_FuncInfo@@0@Z 00000001400163e4 f   libvcruntime:risctrnsctrl.obj
 0001:000154e0       ?GetEstablisherFrame@__FrameHandler4@@SAPEA_KPEA_KPEAU_xDISPATCHER_CONTEXT@@PEAUFuncInfo4@FH4@@0@Z 00000001400164e0 f   libvcruntime:risctrnsctrl.obj
 0001:0001550c       ?GetRangeOfTrysToCheck@__FrameHandler3@@SA?AU?$pair@Viterator@TryBlockMap@__FrameHandler3@@V123@@std@@AEAVTryBlockMap@1@HPEAU_xDISPATCHER_CONTEXT@@PEBU_s_FuncInfo@@H@Z 000000014001650c f   libvcruntime:risctrnsctrl.obj
 0001:0001569c       ?GetRangeOfTrysToCheck@__FrameHandler4@@SA?AU?$pair@Viterator@TryBlockMap4@FH4@@V123@@std@@AEAVTryBlockMap4@FH4@@HPEAU_xDISPATCHER_CONTEXT@@PEAUFuncInfo4@5@H@Z 000000014001669c f   libvcruntime:risctrnsctrl.obj
 0001:0001585c       ?ReadInt@FH4@@YAHPEAPEAE@Z 000000014001685c f i libvcruntime:risctrnsctrl.obj
 0001:0001586c       ?ReadUnsigned@FH4@@YAIPEAPEAE@Z 000000014001686c f i libvcruntime:risctrnsctrl.obj
 0001:000158a8       ?UnwindNestedFrames@__FrameHandler3@@SAXPEA_KPEAUEHExceptionRecord@@PEAU_CONTEXT@@0PEAXPEBU_s_FuncInfo@@HHPEBU_s_HandlerType@@PEAU_xDISPATCHER_CONTEXT@@E@Z 00000001400168a8 f   libvcruntime:risctrnsctrl.obj
 0001:000159ec       ?UnwindNestedFrames@__FrameHandler4@@SAXPEA_KPEAUEHExceptionRecord@@PEAU_CONTEXT@@0PEAXPEAUFuncInfo4@FH4@@HHPEAUHandlerType4@5@PEAU_xDISPATCHER_CONTEXT@@E@Z 00000001400169ec f   libvcruntime:risctrnsctrl.obj
 0001:00015b54       ?begin@TryBlockMap4@FH4@@QEAA?AViterator@12@XZ 0000000140016b54 f i libvcruntime:risctrnsctrl.obj
 0001:00015b64       ?end@TryBlockMap4@FH4@@QEAA?AViterator@12@XZ 0000000140016b64 f i libvcruntime:risctrnsctrl.obj
 0001:00015b74       ?imageRelToByteBuffer@FH4@@YAPEAE_KH@Z 0000000140016b74 f i libvcruntime:risctrnsctrl.obj
 0001:00015b7c       ?incrementToSentinel@iterator@TryBlockMap4@FH4@@QEAAXXZ 0000000140016b7c f i libvcruntime:risctrnsctrl.obj
 0001:00015b80       ?setBuffer@TryBlockMap4@FH4@@QEAAXViterator@12@@Z 0000000140016b80 f i libvcruntime:risctrnsctrl.obj
 0001:00015db0       _CreateFrameInfo           0000000140016db0 f   libvcruntime:risctrnsctrl.obj
 0001:00015df8       _FindAndUnlinkFrame        0000000140016df8 f   libvcruntime:risctrnsctrl.obj
 0001:00015e60       _GetImageBase              0000000140016e60 f   libvcruntime:risctrnsctrl.obj
 0001:00015e78       _GetThrowImageBase         0000000140016e78 f   libvcruntime:risctrnsctrl.obj
 0001:00015e90       _SetImageBase              0000000140016e90 f   libvcruntime:risctrnsctrl.obj
 0001:00015eb0       _SetThrowImageBase         0000000140016eb0 f   libvcruntime:risctrnsctrl.obj
 0001:00015ed0       __CxxFrameHandler          0000000140016ed0 f   libvcruntime:risctrnsctrl.obj
 0001:00015ed8       __CxxFrameHandler2         0000000140016ed8 f   libvcruntime:risctrnsctrl.obj
 0001:00015ee0       __CxxFrameHandler3         0000000140016ee0 f   libvcruntime:risctrnsctrl.obj
 0001:00015f88       __CxxFrameHandler4         0000000140016f88 f   libvcruntime:risctrnsctrl.obj
 0001:00016090       memcpy_repmovs             0000000140017090 f   libvcruntime:memcpy.obj
 0001:000160b0       memmove                    00000001400170b0 f   libvcruntime:memcpy.obj
 0001:000160b0       memcpy                     00000001400170b0 f   libvcruntime:memcpy.obj
 0001:000168d0       ?GetCurrentState@__FrameHandler3@@SAHPEA_KPEAU_xDISPATCHER_CONTEXT@@PEBU_s_FuncInfo@@@Z 00000001400178d0 f   libvcruntime:ehstate.obj
 0001:00016900       ?GetUnwindTryBlock@__FrameHandler3@@SAHPEA_KPEAU_xDISPATCHER_CONTEXT@@PEBU_s_FuncInfo@@@Z 0000000140017900 f   libvcruntime:ehstate.obj
 0001:00016934       ?SetState@__FrameHandler3@@SAXPEA_KPEBU_s_FuncInfo@@H@Z 0000000140017934 f   libvcruntime:ehstate.obj
 0001:00016944       ?SetUnwindTryBlock@__FrameHandler3@@SAXPEA_KPEAU_xDISPATCHER_CONTEXT@@PEBU_s_FuncInfo@@H@Z 0000000140017944 f   libvcruntime:ehstate.obj
 0001:00016990       ?StateFromControlPc@__FrameHandler3@@SAHPEBU_s_FuncInfo@@PEAU_xDISPATCHER_CONTEXT@@@Z 0000000140017990 f   libvcruntime:ehstate.obj
 0001:0001699c       ?StateFromControlPc@__FrameHandler4@@SAHPEAUFuncInfo4@FH4@@PEAU_xDISPATCHER_CONTEXT@@@Z 000000014001799c f   libvcruntime:ehstate.obj
 0001:000169a8       ?StateFromIp@__FrameHandler3@@SAHPEBU_s_FuncInfo@@PEAU_xDISPATCHER_CONTEXT@@_K@Z 00000001400179a8 f   libvcruntime:ehstate.obj
 0001:00016a28       ?StateFromIp@__FrameHandler4@@SAHPEAUFuncInfo4@FH4@@PEAU_xDISPATCHER_CONTEXT@@_K@Z 0000000140017a28 f   libvcruntime:ehstate.obj
 0001:00016b48       ?__FuncRelToRealOffset@@YA_KPEAU_xDISPATCHER_CONTEXT@@I@Z 0000000140017b48 f i libvcruntime:ehstate.obj
 0001:00016b5c       ?__RVAtoRealOffset@@YA_KPEAU_xDISPATCHER_CONTEXT@@H@Z 0000000140017b5c f i libvcruntime:ehstate.obj
 0001:000186e0       ??$TypeMatchHelper@V__FrameHandler3@@@@YAHPEBU_s_HandlerType@@PEBU_s_CatchableType@@PEBU_s_ThrowInfo@@@Z 00000001400196e0 f i libvcruntime:frame.obj
 0001:0001886c       ??$TypeMatchHelper@V__FrameHandler4@@@@YAHPEAUHandlerType4@FH4@@PEBU_s_CatchableType@@PEBU_s_ThrowInfo@@@Z 000000014001986c f i libvcruntime:frame.obj
 0001:00018a00       ??$__InternalCxxFrameHandler@V__FrameHandler3@@@@YA?AW4_EXCEPTION_DISPOSITION@@PEAUEHExceptionRecord@@PEA_KPEAU_CONTEXT@@PEAU_xDISPATCHER_CONTEXT@@PEBU_s_FuncInfo@@H1E@Z 0000000140019a00 f i libvcruntime:frame.obj
 0001:00018cc4       ??$__InternalCxxFrameHandler@V__FrameHandler4@@@@YA?AW4_EXCEPTION_DISPOSITION@@PEAUEHExceptionRecord@@PEA_KPEAU_CONTEXT@@PEAU_xDISPATCHER_CONTEXT@@PEAUFuncInfo4@FH4@@H1E@Z 0000000140019cc4 f i libvcruntime:frame.obj
 0001:00019000       ??0HandlerMap4@FH4@@QEAA@PEBUTryBlockMapEntry4@1@_KH@Z 000000014001a000 f i libvcruntime:frame.obj
 0001:00019098       ??0HandlerMap@__FrameHandler3@@QEAA@PEBU_s_TryBlockMapEntry@@_KI@Z 000000014001a098 f i libvcruntime:frame.obj
 0001:000190b4       ??0HandlerType4@FH4@@QEAA@XZ 000000014001a0b4 f i libvcruntime:frame.obj
 0001:000190d0       ??0TryBlockMap4@FH4@@QEAA@PEBUFuncInfo4@1@_K@Z 000000014001a0d0 f i libvcruntime:frame.obj
 0001:000191dc       ??0TryBlockMap@__FrameHandler3@@QEAA@PEBU_s_FuncInfo@@_K@Z 000000014001a1dc f i libvcruntime:frame.obj
 0001:000191ec       ??0UWMap4@FH4@@QEAA@PEBUFuncInfo4@1@_K@Z 000000014001a1ec f i libvcruntime:frame.obj
 0001:00019240       ??0bad_exception@std@@QEAA@AEBV01@@Z 000000014001a240 f i libvcruntime:frame.obj
 0001:0001928c       ??0bad_exception@std@@QEAA@XZ 000000014001a28c f i libvcruntime:frame.obj
 0001:000192b4       ??0exception@std@@QEAA@AEBV01@@Z 000000014001a2b4 f i libvcruntime:frame.obj
 0001:000192f4       ??0exception@std@@QEAA@QEBDH@Z 000000014001a2f4 f i libvcruntime:frame.obj
 0001:00019310       ??0iterator@HandlerMap4@FH4@@QEAA@AEAV12@I@Z 000000014001a310 f i libvcruntime:frame.obj
 0001:00019320       ??0iterator@HandlerMap@__FrameHandler3@@QEAA@AEAV12@I@Z 000000014001a320 f i libvcruntime:frame.obj
 0001:00019330       ??0iterator@UWMap4@FH4@@QEAA@AEAV12@PEAE@Z 000000014001a330 f i libvcruntime:frame.obj
 0001:00019340       ??1bad_exception@std@@UEAA@XZ 000000014001a340 f i libvcruntime:frame.obj
 0001:00019358       ??1exception@std@@UEAA@XZ  000000014001a358 f i libvcruntime:frame.obj
 0001:00019370       ??4iterator@UWMap4@FH4@@QEAAAEAV012@AEBV012@@Z 000000014001a370 f i libvcruntime:frame.obj
 0001:00019398       ??8iterator@HandlerMap4@FH4@@QEBA_NAEBV012@@Z 000000014001a398 f i libvcruntime:frame.obj
 0001:000193a4       ??8iterator@HandlerMap@__FrameHandler3@@QEBA_NAEBV012@@Z 000000014001a3a4 f i libvcruntime:frame.obj
 0001:000193b0       ??8type_info@@QEBA_NAEBV0@@Z 000000014001a3b0 f i libvcruntime:frame.obj
 0001:000193d4       ??9iterator@HandlerMap4@FH4@@QEBA_NAEBV012@@Z 000000014001a3d4 f i libvcruntime:frame.obj
 0001:000193e0       ??9iterator@HandlerMap@__FrameHandler3@@QEBA_NAEBV012@@Z 000000014001a3e0 f i libvcruntime:frame.obj
 0001:000193ec       ??Diterator@HandlerMap4@FH4@@QEAA?AUHandlerType4@2@XZ 000000014001a3ec f i libvcruntime:frame.obj
 0001:00019414       ??Diterator@HandlerMap@__FrameHandler3@@QEAA?BU_s_HandlerType@@XZ 000000014001a414 f i libvcruntime:frame.obj
 0001:00019440       ??Diterator@TryBlockMap@__FrameHandler3@@QEAA?BU_s_TryBlockMapEntry@@XZ 000000014001a440 f i libvcruntime:frame.obj
 0001:00019478       ??Diterator@UWMap4@FH4@@QEAA?AUUnwindMapEntry4@2@XZ 000000014001a478 f i libvcruntime:frame.obj
 0001:000194e0       ??Eiterator@HandlerMap4@FH4@@QEAAAEAV012@XZ 000000014001a4e0 f i libvcruntime:frame.obj
 0001:00019504       ??Eiterator@HandlerMap@__FrameHandler3@@QEAAAEAV012@XZ 000000014001a504 f i libvcruntime:frame.obj
 0001:0001950c       ??Eiterator@TryBlockMap@__FrameHandler3@@QEAAAEAV012@XZ 000000014001a50c f i libvcruntime:frame.obj
 0001:00019514       ??Eiterator@UWMap4@FH4@@QEAAAEAV012@XZ 000000014001a514 f i libvcruntime:frame.obj
 0001:0001953c       ??Giterator@UWMap4@FH4@@QEBA_JAEBV012@@Z 000000014001a53c f i libvcruntime:frame.obj
 0001:00019548       ??Miterator@TryBlockMap4@FH4@@QEBA_NAEBV012@@Z 000000014001a548 f i libvcruntime:frame.obj
 0001:00019554       ??Miterator@TryBlockMap@__FrameHandler3@@QEBA_NAEBV012@@Z 000000014001a554 f i libvcruntime:frame.obj
 0001:00019560       ??Oiterator@UWMap4@FH4@@QEBA_NAEBV012@@Z 000000014001a560 f i libvcruntime:frame.obj
 0001:00019570       ??Piterator@UWMap4@FH4@@QEBA_NAEBV012@@Z 000000014001a570 f i libvcruntime:frame.obj
 0001:00019580       ??_Gbad_exception@std@@UEAAPEAXI@Z 000000014001a580 f i libvcruntime:frame.obj
 0001:00019580       ??_Ebad_exception@std@@UEAAPEAXI@Z 000000014001a580 f i libvcruntime:frame.obj
 0001:000195d4       ??_Eexception@std@@UEAAPEAXI@Z 000000014001a5d4 f i libvcruntime:frame.obj
 0001:000195d4       ??_Gexception@std@@UEAAPEAXI@Z 000000014001a5d4 f i libvcruntime:frame.obj
 0001:00019628       ?BuildCatchObject@__FrameHandler3@@SAXPEAUEHExceptionRecord@@PEAXPEBU_s_HandlerType@@PEBU_s_CatchableType@@@Z 000000014001a628 f   libvcruntime:frame.obj
 0001:00019630       ?BuildCatchObject@__FrameHandler4@@SAXPEAUEHExceptionRecord@@PEAXPEAUHandlerType4@FH4@@PEBU_s_CatchableType@@@Z 000000014001a630 f   libvcruntime:frame.obj
 0001:00019638       ?BuildCatchObjectHelper@__FrameHandler3@@SAHPEAUEHExceptionRecord@@PEAXPEBU_s_HandlerType@@PEBU_s_CatchableType@@@Z 000000014001a638 f   libvcruntime:frame.obj
 0001:00019640       ?BuildCatchObjectHelper@__FrameHandler4@@SAHPEAUEHExceptionRecord@@PEAXPEAUHandlerType4@FH4@@PEBU_s_CatchableType@@@Z 000000014001a640 f   libvcruntime:frame.obj
 0001:00019648       ?CxxCallCatchBlock@__FrameHandler3@@SAPEAXPEAU_EXCEPTION_RECORD@@@Z 000000014001a648 f   libvcruntime:frame.obj
 0001:000198ac       ?CxxCallCatchBlock@__FrameHandler4@@SAPEAXPEAU_EXCEPTION_RECORD@@@Z 000000014001a8ac f   libvcruntime:frame.obj
 0001:00019b90       ?DecompHandler@HandlerMap4@FH4@@AEAAXXZ 000000014001ab90 f i libvcruntime:frame.obj
 0001:00019e60       ?FrameUnwindToState@__FrameHandler3@@SAXPEA_KPEAU_xDISPATCHER_CONTEXT@@PEBU_s_FuncInfo@@H@Z 000000014001ae60 f   libvcruntime:frame.obj
 0001:0001a04c       ?FrameUnwindToState@__FrameHandler4@@SAXPEA_KPEAU_xDISPATCHER_CONTEXT@@PEAUFuncInfo4@FH4@@H@Z 000000014001b04c f   libvcruntime:frame.obj
 0001:0001a3ec       ?GetHandlerSearchState@__FrameHandler3@@SAHPEA_KPEAU_xDISPATCHER_CONTEXT@@PEBU_s_FuncInfo@@@Z 000000014001b3ec f i libvcruntime:frame.obj
 0001:0001a4a8       ?GetHandlerSearchState@__FrameHandler4@@SAHPEA_KPEAU_xDISPATCHER_CONTEXT@@PEAUFuncInfo4@FH4@@@Z 000000014001b4a8 f i libvcruntime:frame.obj
 0001:0001a524       ?GetMaxState@__FrameHandler3@@SAHPEAU_xDISPATCHER_CONTEXT@@PEBU_s_FuncInfo@@@Z 000000014001b524 f i libvcruntime:frame.obj
 0001:0001a528       ?GetMaxState@__FrameHandler4@@SAHPEAU_xDISPATCHER_CONTEXT@@PEAUFuncInfo4@FH4@@@Z 000000014001b528 f i libvcruntime:frame.obj
 0001:0001a744       ?ReadEntry@UWMap4@FH4@@AEAAXPEAPEAE@Z 000000014001b744 f i libvcruntime:frame.obj
 0001:0001a80c       ?TypeMatch@__FrameHandler3@@SAHPEBU_s_HandlerType@@PEBU_s_CatchableType@@PEBU_s_ThrowInfo@@@Z 000000014001b80c f   libvcruntime:frame.obj
 0001:0001a814       ?TypeMatch@__FrameHandler4@@SAHPEAUHandlerType4@FH4@@PEBU_s_CatchableType@@PEBU_s_ThrowInfo@@@Z 000000014001b814 f   libvcruntime:frame.obj
 0001:0001a81c       ?WalkBack@UWMap4@FH4@@AEAAXPEAPEAE@Z 000000014001b81c f i libvcruntime:frame.obj
 0001:0001a860       ?WalkBack@iterator@UWMap4@FH4@@QEAAXXZ 000000014001b860 f i libvcruntime:frame.obj
 0001:0001a8ac       ?WalkForward@UWMap4@FH4@@AEAAXPEAPEAE@Z 000000014001b8ac f i libvcruntime:frame.obj
 0001:0001a8b4       ?_CallMemberFunction1@@YAXQEAX00@Z 000000014001b8b4 f i libvcruntime:frame.obj
 0001:0001a8c0       ?_CallMemberFunction2@@YAXQEAX00H@Z 000000014001b8c0 f i libvcruntime:frame.obj
 0001:0001a8f0       ?begin@HandlerMap4@FH4@@QEAA?AViterator@12@XZ 000000014001b8f0 f i libvcruntime:frame.obj
 0001:0001a900       ?begin@HandlerMap@__FrameHandler3@@QEAA?AViterator@12@XZ 000000014001b900 f i libvcruntime:frame.obj
 0001:0001a910       ?begin@UWMap4@FH4@@QEAA?AViterator@12@XZ 000000014001b910 f i libvcruntime:frame.obj
 0001:0001a924       ?end@HandlerMap4@FH4@@QEAA?AViterator@12@XZ 000000014001b924 f i libvcruntime:frame.obj
 0001:0001a934       ?end@HandlerMap@__FrameHandler3@@QEAA?AViterator@12@XZ 000000014001b934 f i libvcruntime:frame.obj
 0001:0001a944       ?getESTypes@__FrameHandler3@@SAPEBU_s_ESTypeList@@PEBU_s_FuncInfo@@@Z 000000014001b944 f i libvcruntime:frame.obj
 0001:0001a978       ?getESTypes@__FrameHandler4@@SAPEBU_s_ESTypeList@@PEAUFuncInfo4@FH4@@@Z 000000014001b978 f i libvcruntime:frame.obj
 0001:0001a97c       ?getLastEntry@HandlerMap4@FH4@@QEAAPEAUHandlerType4@2@XZ 000000014001b97c f i libvcruntime:frame.obj
 0001:0001a9e0       ?getLastEntry@HandlerMap@__FrameHandler3@@QEAAPEBU_s_HandlerType@@XZ 000000014001b9e0 f i libvcruntime:frame.obj
 0001:0001a9f8       ?getMagicNum@__FrameHandler3@@SAIPEBU_s_FuncInfo@@@Z 000000014001b9f8 f i libvcruntime:frame.obj
 0001:0001aa04       ?getMagicNum@__FrameHandler4@@SAIPEAUFuncInfo4@FH4@@@Z 000000014001ba04 f i libvcruntime:frame.obj
 0001:0001aa0c       ?getNumTryBlocks@TryBlockMap4@FH4@@QEAAIXZ 000000014001ba0c f i libvcruntime:frame.obj
 0001:0001aa10       ?getNumTryBlocks@TryBlockMap@__FrameHandler3@@QEAAIXZ 000000014001ba10 f i libvcruntime:frame.obj
 0001:0001aa18       ?getStartStop@UWMap4@FH4@@QEAAXHHAEAViterator@12@0@Z 000000014001ba18 f i libvcruntime:frame.obj
 0001:0001ab1c       ?getStateFromIterators@UWMap4@FH4@@SAHAEBViterator@12@H0H0@Z 000000014001bb1c f i libvcruntime:frame.obj
 0001:0001ac14       ?isEHs@__FrameHandler3@@SA_NPEBU_s_FuncInfo@@@Z 000000014001bc14 f i libvcruntime:frame.obj
 0001:0001ac1c       ?isEHs@__FrameHandler4@@SA_NPEAUFuncInfo4@FH4@@@Z 000000014001bc1c f i libvcruntime:frame.obj
 0001:0001ac28       ?isNoExcept@__FrameHandler3@@SA_NPEBU_s_FuncInfo@@@Z 000000014001bc28 f i libvcruntime:frame.obj
 0001:0001ac34       ?isNoExcept@__FrameHandler4@@SA_NPEAUFuncInfo4@FH4@@@Z 000000014001bc34 f i libvcruntime:frame.obj
 0001:0001ac40       ?reset@HandlerType4@FH4@@QEAAXXZ 000000014001bc40 f i libvcruntime:frame.obj
 0001:0001ac5c       ?resetBuffer@HandlerMap4@FH4@@QEAAXXZ 000000014001bc5c f i libvcruntime:frame.obj
 0001:0001ac6c       ?setBuffer@HandlerMap4@FH4@@QEAAXI@Z 000000014001bc6c f i libvcruntime:frame.obj
 0001:0001acb4       ?what@exception@std@@UEBAPEBDXZ 000000014001bcb4 f i libvcruntime:frame.obj
 0001:0001accc       __BuildCatchObject         000000014001bccc f   libvcruntime:frame.obj
 0001:0001acd4       __BuildCatchObjectHelper   000000014001bcd4 f   libvcruntime:frame.obj
 0001:0001acdc       __TypeMatch                000000014001bcdc f   libvcruntime:frame.obj
 0001:0001ace4       __vcrt_EncodePointer       000000014001bce4 f i libvcruntime:frame.obj
 0001:0001ad00       _CallSettingFrame          000000014001bd00 f   libvcruntime:handlers.obj
 0001:0001ad50       _CallSettingFrame_LookupContinuationIndex 000000014001bd50 f   libvcruntime:handlers.obj
 0001:0001ad80       _CallSettingFrame_NotifyContinuationAddr 000000014001bd80 f   libvcruntime:handlers.obj
 0001:0001adb0       _CallSettingFrameEncoded   000000014001bdb0 f   libvcruntime:handlers.obj
 0001:0001ae38       ??$?RD@__crt_public_free_policy@@QEBAXQEBD@Z 000000014001be38 f i libvcruntime:std_exception.obj
 0001:0001ae44       ??0?$__crt_unique_heap_ptr@DU__crt_public_free_policy@@@@QEAA@QEAD@Z 000000014001be44 f i libvcruntime:std_exception.obj
 0001:0001ae4c       ??1?$__crt_unique_heap_ptr@DU__crt_public_free_policy@@@@QEAA@XZ 000000014001be4c f i libvcruntime:std_exception.obj
 0001:0001ae70       ??B?$__crt_unique_heap_ptr@DU__crt_public_free_policy@@@@QEBA_NXZ 000000014001be70 f i libvcruntime:std_exception.obj
 0001:0001ae7c       ?detach@?$__crt_unique_heap_ptr@DU__crt_public_free_policy@@@@QEAAPEADXZ 000000014001be7c f i libvcruntime:std_exception.obj
 0001:0001ae88       ?get@?$__crt_unique_heap_ptr@DU__crt_public_free_policy@@@@QEBAPEADXZ 000000014001be88 f i libvcruntime:std_exception.obj
 0001:0001ae8c       ?is_valid@?$__crt_unique_heap_ptr@DU__crt_public_free_policy@@@@QEBA_NXZ 000000014001be8c f i libvcruntime:std_exception.obj
 0001:0001ae98       ?release@?$__crt_unique_heap_ptr@DU__crt_public_free_policy@@@@QEAAXXZ 000000014001be98 f i libvcruntime:std_exception.obj
 0001:0001aebc       __std_exception_copy       000000014001bebc f   libvcruntime:std_exception.obj
 0001:0001af6c       __std_exception_destroy    000000014001bf6c f   libvcruntime:std_exception.obj
 0001:0001af9c       _CxxThrowException         000000014001bf9c f   libvcruntime:throw.obj
 0001:0001b064       ??$?RPEAU__crt_stdio_stream_data@@@__crt_internal_free_policy@@QEBAXQEBQEAU__crt_stdio_stream_data@@@Z 000000014001c064 f i libucrt:_file.obj
 0001:0001b070       ??0?$__crt_unique_heap_ptr@PEAU__crt_stdio_stream_data@@U__crt_internal_free_policy@@@@QEAA@QEAPEAU__crt_stdio_stream_data@@@Z 000000014001c070 f i libucrt:_file.obj
 0001:0001b078       ??0__crt_stdio_stream@@QEAA@QEAU_iobuf@@@Z 000000014001c078 f i libucrt:_file.obj
 0001:0001b080       ??1?$__crt_unique_heap_ptr@PEAU__crt_stdio_stream_data@@U__crt_internal_free_policy@@@@QEAA@XZ 000000014001c080 f i libucrt:_file.obj
 0001:0001b0a4       ??C__crt_stdio_stream@@QEBAPEAU__crt_stdio_stream_data@@XZ 000000014001c0a4 f i libucrt:_file.obj
 0001:0001b0a8       ?detach@?$__crt_unique_heap_ptr@PEAU__crt_stdio_stream_data@@U__crt_internal_free_policy@@@@QEAAPEAPEAU__crt_stdio_stream_data@@XZ 000000014001c0a8 f i libucrt:_file.obj
 0001:0001b0b4       ?release@?$__crt_unique_heap_ptr@PEAU__crt_stdio_stream_data@@U__crt_internal_free_policy@@@@QEAAXXZ 000000014001c0b4 f i libucrt:_file.obj
 0001:0001b0d8       __acrt_initialize_stdio    000000014001c0d8 f   libucrt:_file.obj
 0001:0001b240       __acrt_iob_func            000000014001c240 f   libucrt:_file.obj
 0001:0001b258       __acrt_uninitialize_stdio  000000014001c258 f   libucrt:_file.obj
 0001:0001b2cc       _get_stream_buffer_pointers 000000014001c2cc f   libucrt:_file.obj
 0001:0001b324       _lock_file                 000000014001c324 f   libucrt:_file.obj
 0001:0001b334       _unlock_file               000000014001c334 f   libucrt:_file.obj
 0001:0001b344       ??$__crt_interlocked_read@J@@YAJPEDJ@Z 000000014001c344 f i libucrt:fgetc.obj
 0001:0001b348       ?__crt_interlocked_read_32@@YAHPEDH@Z 000000014001c348 f i libucrt:fgetc.obj
 0001:0001b34c       ?get_flags@__crt_stdio_stream@@QEBAJXZ 000000014001c34c f i libucrt:fgetc.obj
 0001:0001b354       ?is_string_backed@__crt_stdio_stream@@QEBA_NXZ 000000014001c354 f i libucrt:fgetc.obj
 0001:0001b364       ?public_stream@__crt_stdio_stream@@QEBAPEAU_iobuf@@XZ 000000014001c364 f i libucrt:fgetc.obj
 0001:0001b368       ?valid@__crt_stdio_stream@@QEBA_NXZ 000000014001c368 f i libucrt:fgetc.obj
 0001:0001b374       _fgetc_nolock              000000014001c374 f   libucrt:fgetc.obj
 0001:0001b3c8       _fgetchar                  000000014001c3c8 f   libucrt:fgetc.obj
 0001:0001b3e4       _getc_nolock               000000014001c3e4 f   libucrt:fgetc.obj
 0001:0001b3ec       fgetc                      000000014001c3ec f   libucrt:fgetc.obj
 0001:0001b538       getc                       000000014001c538 f   libucrt:fgetc.obj
 0001:0001b540       getchar                    000000014001c540 f   libucrt:fgetc.obj
 0001:0001b55c       ??$?0AEBV?$stream_output_adapter@D@__crt_stdio_output@@AEB_KAEBQEBDAEBQEAU__crt_locale_pointers@@AEBQEAD@?$format_validation_base@DV?$stream_output_adapter@D@__crt_stdio_output@@@__crt_stdio_output@@IEAA@AEBV?$stream_output_adapter@D@1@AEB_KAEBQEBDAEBQEAU__crt_locale_pointers@@AEBQEAD@Z 000000014001c55c f i libucrt:output.obj
 0001:0001b600       ??$?0AEBV?$stream_output_adapter@D@__crt_stdio_output@@AEB_KAEBQEBDAEBQEAU__crt_locale_pointers@@AEBQEAD@?$positional_parameter_base@DV?$stream_output_adapter@D@__crt_stdio_output@@@__crt_stdio_output@@IEAA@AEBV?$stream_output_adapter@D@1@AEB_KAEBQEBDAEBQEAU__crt_locale_pointers@@AEBQEAD@Z 000000014001c600 f i libucrt:output.obj
 0001:0001b6c8       ??$?0AEBV?$stream_output_adapter@D@__crt_stdio_output@@AEB_KAEBQEBDAEBQEAU__crt_locale_pointers@@AEBQEAD@?$standard_base@DV?$stream_output_adapter@D@__crt_stdio_output@@@__crt_stdio_output@@IEAA@AEBV?$stream_output_adapter@D@1@AEB_KAEBQEBDAEBQEAU__crt_locale_pointers@@AEBQEAD@Z 000000014001c6c8 f i libucrt:output.obj
 0001:0001b76c       ??$?0AEBV?$stream_output_adapter@_W@__crt_stdio_output@@AEB_KAEBQEB_WAEBQEAU__crt_locale_pointers@@AEBQEAD@?$format_validation_base@_WV?$stream_output_adapter@_W@__crt_stdio_output@@@__crt_stdio_output@@IEAA@AEBV?$stream_output_adapter@_W@1@AEB_KAEBQEB_WAEBQEAU__crt_locale_pointers@@AEBQEAD@Z 000000014001c76c f i libucrt:output.obj
 0001:0001b814       ??$?0AEBV?$stream_output_adapter@_W@__crt_stdio_output@@AEB_KAEBQEB_WAEBQEAU__crt_locale_pointers@@AEBQEAD@?$positional_parameter_base@_WV?$stream_output_adapter@_W@__crt_stdio_output@@@__crt_stdio_output@@IEAA@AEBV?$stream_output_adapter@_W@1@AEB_KAEBQEB_WAEBQEAU__crt_locale_pointers@@AEBQEAD@Z 000000014001c814 f i libucrt:output.obj
 0001:0001b8e0       ??$?0AEBV?$stream_output_adapter@_W@__crt_stdio_output@@AEB_KAEBQEB_WAEBQEAU__crt_locale_pointers@@AEBQEAD@?$standard_base@_WV?$stream_output_adapter@_W@__crt_stdio_output@@@__crt_stdio_output@@IEAA@AEBV?$stream_output_adapter@_W@1@AEB_KAEBQEB_WAEBQEAU__crt_locale_pointers@@AEBQEAD@Z 000000014001c8e0 f i libucrt:output.obj
 0001:0001b988       ??$?0AEBV?$string_output_adapter@D@__crt_stdio_output@@AEB_KAEBQEBDAEBQEAU__crt_locale_pointers@@AEBQEAD@?$format_validation_base@DV?$string_output_adapter@D@__crt_stdio_output@@@__crt_stdio_output@@IEAA@AEBV?$string_output_adapter@D@1@AEB_KAEBQEBDAEBQEAU__crt_locale_pointers@@AEBQEAD@Z 000000014001c988 f i libucrt:output.obj
 0001:0001ba2c       ??$?0AEBV?$string_output_adapter@D@__crt_stdio_output@@AEB_KAEBQEBDAEBQEAU__crt_locale_pointers@@AEBQEAD@?$positional_parameter_base@DV?$string_output_adapter@D@__crt_stdio_output@@@__crt_stdio_output@@IEAA@AEBV?$string_output_adapter@D@1@AEB_KAEBQEBDAEBQEAU__crt_locale_pointers@@AEBQEAD@Z 000000014001ca2c f i libucrt:output.obj
 0001:0001baf4       ??$?0AEBV?$string_output_adapter@D@__crt_stdio_output@@AEB_KAEBQEBDAEBQEAU__crt_locale_pointers@@AEBQEAD@?$standard_base@DV?$string_output_adapter@D@__crt_stdio_output@@@__crt_stdio_output@@IEAA@AEBV?$string_output_adapter@D@1@AEB_KAEBQEBDAEBQEAU__crt_locale_pointers@@AEBQEAD@Z 000000014001caf4 f i libucrt:output.obj
 0001:0001bb98       ??$?0AEBV?$string_output_adapter@_W@__crt_stdio_output@@AEB_KAEBQEB_WAEBQEAU__crt_locale_pointers@@AEBQEAD@?$format_validation_base@_WV?$string_output_adapter@_W@__crt_stdio_output@@@__crt_stdio_output@@IEAA@AEBV?$string_output_adapter@_W@1@AEB_KAEBQEB_WAEBQEAU__crt_locale_pointers@@AEBQEAD@Z 000000014001cb98 f i libucrt:output.obj
 0001:0001bc40       ??$?0AEBV?$string_output_adapter@_W@__crt_stdio_output@@AEB_KAEBQEB_WAEBQEAU__crt_locale_pointers@@AEBQEAD@?$positional_parameter_base@_WV?$string_output_adapter@_W@__crt_stdio_output@@@__crt_stdio_output@@IEAA@AEBV?$string_output_adapter@_W@1@AEB_KAEBQEB_WAEBQEAU__crt_locale_pointers@@AEBQEAD@Z 000000014001cc40 f i libucrt:output.obj
 0001:0001bd0c       ??$?0AEBV?$string_output_adapter@_W@__crt_stdio_output@@AEB_KAEBQEB_WAEBQEAU__crt_locale_pointers@@AEBQEAD@?$standard_base@_WV?$string_output_adapter@_W@__crt_stdio_output@@@__crt_stdio_output@@IEAA@AEBV?$string_output_adapter@_W@1@AEB_KAEBQEB_WAEBQEAU__crt_locale_pointers@@AEBQEAD@Z 000000014001cd0c f i libucrt:output.obj
 0001:0001d694       ??$count@D@formatting_buffer@__crt_stdio_output@@QEBA_KXZ 000000014001e694 f i libucrt:output.obj
 0001:0001d6b8       ??$count@_W@formatting_buffer@__crt_stdio_output@@QEBA_KXZ 000000014001e6b8 f i libucrt:output.obj
 0001:0001d6dc       ??$data@D@formatting_buffer@__crt_stdio_output@@QEAAPEADXZ 000000014001e6dc f i libucrt:output.obj
 0001:0001d6f0       ??$data@_W@formatting_buffer@__crt_stdio_output@@QEAAPEA_WXZ 000000014001e6f0 f i libucrt:output.obj
 0001:0001d704       ??$ensure_buffer_is_big_enough@D@formatting_buffer@__crt_stdio_output@@QEAA_N_K@Z 000000014001e704 f i libucrt:output.obj
 0001:0001d7d4       ??$ensure_buffer_is_big_enough@_W@formatting_buffer@__crt_stdio_output@@QEAA_N_K@Z 000000014001e7d4 f i libucrt:output.obj
 0001:0001d8a8       ??$extract_argument_from_va_list@C_J@?$positional_parameter_base@DV?$stream_output_adapter@D@__crt_stdio_output@@@__crt_stdio_output@@IEAA_NAEA_J@Z 000000014001e8a8 f i libucrt:output.obj
 0001:0001d994       ??$extract_argument_from_va_list@C_J@?$positional_parameter_base@DV?$string_output_adapter@D@__crt_stdio_output@@@__crt_stdio_output@@IEAA_NAEA_J@Z 000000014001e994 f i libucrt:output.obj
 0001:0001da80       ??$extract_argument_from_va_list@C_J@?$positional_parameter_base@_WV?$stream_output_adapter@_W@__crt_stdio_output@@@__crt_stdio_output@@IEAA_NAEA_J@Z 000000014001ea80 f i libucrt:output.obj
 0001:0001db70       ??$extract_argument_from_va_list@C_J@?$positional_parameter_base@_WV?$string_output_adapter@_W@__crt_stdio_output@@@__crt_stdio_output@@IEAA_NAEA_J@Z 000000014001eb70 f i libucrt:output.obj
 0001:0001dc60       ??$extract_argument_from_va_list@C_J@?$standard_base@DV?$stream_output_adapter@D@__crt_stdio_output@@@__crt_stdio_output@@IEAA_NAEA_J@Z 000000014001ec60 f i libucrt:output.obj
 0001:0001dc7c       ??$extract_argument_from_va_list@C_J@?$standard_base@DV?$string_output_adapter@D@__crt_stdio_output@@@__crt_stdio_output@@IEAA_NAEA_J@Z 000000014001ec7c f i libucrt:output.obj
 0001:0001dc98       ??$extract_argument_from_va_list@C_J@?$standard_base@_WV?$stream_output_adapter@_W@__crt_stdio_output@@@__crt_stdio_output@@IEAA_NAEA_J@Z 000000014001ec98 f i libucrt:output.obj
 0001:0001dcb4       ??$extract_argument_from_va_list@C_J@?$standard_base@_WV?$string_output_adapter@_W@__crt_stdio_output@@@__crt_stdio_output@@IEAA_NAEA_J@Z 000000014001ecb4 f i libucrt:output.obj
 0001:0001dcd0       ??$extract_argument_from_va_list@E_J@?$positional_parameter_base@DV?$stream_output_adapter@D@__crt_stdio_output@@@__crt_stdio_output@@IEAA_NAEA_J@Z 000000014001ecd0 f i libucrt:output.obj
 0001:0001ddbc       ??$extract_argument_from_va_list@E_J@?$positional_parameter_base@DV?$string_output_adapter@D@__crt_stdio_output@@@__crt_stdio_output@@IEAA_NAEA_J@Z 000000014001edbc f i libucrt:output.obj
 0001:0001dea8       ??$extract_argument_from_va_list@E_J@?$positional_parameter_base@_WV?$stream_output_adapter@_W@__crt_stdio_output@@@__crt_stdio_output@@IEAA_NAEA_J@Z 000000014001eea8 f i libucrt:output.obj
 0001:0001df94       ??$extract_argument_from_va_list@E_J@?$positional_parameter_base@_WV?$string_output_adapter@_W@__crt_stdio_output@@@__crt_stdio_output@@IEAA_NAEA_J@Z 000000014001ef94 f i libucrt:output.obj
 0001:0001e080       ??$extract_argument_from_va_list@E_J@?$standard_base@DV?$stream_output_adapter@D@__crt_stdio_output@@@__crt_stdio_output@@IEAA_NAEA_J@Z 000000014001f080 f i libucrt:output.obj
 0001:0001e098       ??$extract_argument_from_va_list@E_J@?$standard_base@DV?$string_output_adapter@D@__crt_stdio_output@@@__crt_stdio_output@@IEAA_NAEA_J@Z 000000014001f098 f i libucrt:output.obj
 0001:0001e0b0       ??$extract_argument_from_va_list@E_J@?$standard_base@_WV?$stream_output_adapter@_W@__crt_stdio_output@@@__crt_stdio_output@@IEAA_NAEA_J@Z 000000014001f0b0 f i libucrt:output.obj
 0001:0001e0c8       ??$extract_argument_from_va_list@E_J@?$standard_base@_WV?$string_output_adapter@_W@__crt_stdio_output@@@__crt_stdio_output@@IEAA_NAEA_J@Z 000000014001f0c8 f i libucrt:output.obj
 0001:0001e0e0       ??$extract_argument_from_va_list@F_J@?$positional_parameter_base@DV?$stream_output_adapter@D@__crt_stdio_output@@@__crt_stdio_output@@IEAA_NAEA_J@Z 000000014001f0e0 f i libucrt:output.obj
 0001:0001e1cc       ??$extract_argument_from_va_list@F_J@?$positional_parameter_base@DV?$string_output_adapter@D@__crt_stdio_output@@@__crt_stdio_output@@IEAA_NAEA_J@Z 000000014001f1cc f i libucrt:output.obj
 0001:0001e2b8       ??$extract_argument_from_va_list@F_J@?$positional_parameter_base@_WV?$stream_output_adapter@_W@__crt_stdio_output@@@__crt_stdio_output@@IEAA_NAEA_J@Z 000000014001f2b8 f i libucrt:output.obj
 0001:0001e3a8       ??$extract_argument_from_va_list@F_J@?$positional_parameter_base@_WV?$string_output_adapter@_W@__crt_stdio_output@@@__crt_stdio_output@@IEAA_NAEA_J@Z 000000014001f3a8 f i libucrt:output.obj
[...]
 0002:00014a38       $unwind$??$?RV<lambda_751a882b2c74d4b022dec766aa51a29a>@@AEAV<lambda_628dfdc04ba53c8bfc02c9951375f3f5>@@V<lambda_f6c7be5f7998530c34de24c7437d6b54>@@@?$__crt_seh_guarded_call@H@@QEAAH$$QEAV<lambda_751a882b2c74d4b022dec766aa51a29a>@@AEAV<lambda_628dfdc04ba53c8bfc02c9951375f3f5>@@$$QEAV<lambda_f6c7be5f7998530c34de24c7437d6b54>@@@Z 0000000140083a38     libucrt:close.obj
 0002:00014a60       $unwind$?fin$0@?0???$?RV<lambda_751a882b2c74d4b022dec766aa51a29a>@@AEAV<lambda_628dfdc04ba53c8bfc02c9951375f3f5>@@V<lambda_f6c7be5f7998530c34de24c7437d6b54>@@@?$__crt_seh_guarded_call@H@@QEAAH$$QEAV<lambda_751a882b2c74d4b022dec766aa51a29a>@@AEAV<lambda_628dfdc04ba53c8bfc02c9951375f3f5>@@$$QEAV<lambda_f6c7be5f7998530c34de24c7437d6b54>@@@Z@4HA 0000000140083a60     libucrt:close.obj
 0002:00014a68       $unwind$?__acrt_stdio_allocate_stream@@YA?AV__crt_stdio_stream@@XZ 0000000140083a68     libucrt:stream.obj
 0002:00014a8c       $unwind$?fin$0@?0??__acrt_stdio_allocate_stream@@YA?AV__crt_stdio_stream@@XZ@4HA 0000000140083a8c     libucrt:stream.obj
 0002:00014a94       $unwind$?find_or_allocate_unused_stream_nolock@@YA?AV__crt_stdio_stream@@XZ 0000000140083a94     libucrt:stream.obj
 0002:00014aac       $unwind$??1?$__crt_unique_heap_ptr@U__crt_stdio_stream_data@@U__crt_internal_free_policy@@@@QEAA@XZ 0000000140083aac     libucrt:stream.obj
 0002:00014ab4       $unwind$?release@?$__crt_unique_heap_ptr@U__crt_stdio_stream_data@@U__crt_internal_free_policy@@@@QEAAXXZ 0000000140083ab4     libucrt:stream.obj
 0002:00014abc       $unwind$?common_lseek_do_seek_nolock@@YAJQEAXJH@Z 0000000140083abc     libucrt:lseek.obj
 0002:00014ad0       $unwind$?common_lseek_do_seek_nolock@@YA_JQEAX_JH@Z 0000000140083ad0     libucrt:lseek.obj
 0002:00014ad8       $unwind$??$common_lseek@J@@YAJHJH@Z 0000000140083ad8     libucrt:lseek.obj
 0002:00014b0c       $unwind$?fin$0@?0???$common_lseek@J@@YAJHJH@Z@4HA 0000000140083b0c     libucrt:lseek.obj
 0002:00014b14       $unwind$??$common_lseek@_J@@YA_JH_JH@Z 0000000140083b14     libucrt:lseek.obj
 0002:00014b48       $unwind$?fin$0@?0???$common_lseek@_J@@YA_JH_JH@Z@4HA 0000000140083b48     libucrt:lseek.obj
 0002:00014b50       $unwind$??$common_lseek_nolock@J@@YAJHJH@Z 0000000140083b50     libucrt:lseek.obj
 0002:00014b68       $unwind$??$common_lseek_nolock@_J@@YA_JH_JH@Z 0000000140083b68     libucrt:lseek.obj
 0002:00014b7c       $unwind$_putwch            0000000140083b7c     libucrt:putwch.obj
 0002:00014b84       $unwind$_putwch_nolock     0000000140083b84     libucrt:putwch.obj
 0002:00014b8c       $unwind$??$__acrt_lock_and_call@V<lambda_9e0b6ab72a5b3ae37ad997d08b519f50>@@@@YAGW4__acrt_lock_id@@$$QEAV<lambda_9e0b6ab72a5b3ae37ad997d08b519f50>@@@Z 0000000140083b8c     libucrt:putwch.obj
 0002:00014b94       $unwind$??$?RV<lambda_0384895ae1aa6ccbfe369a30d6ca2ef7>@@AEAV<lambda_9e0b6ab72a5b3ae37ad997d08b519f50>@@V<lambda_7e22f70504d73c22058e5832bde5914f>@@@?$__crt_seh_guarded_call@G@@QEAAG$$QEAV<lambda_0384895ae1aa6ccbfe369a30d6ca2ef7>@@AEAV<lambda_9e0b6ab72a5b3ae37ad997d08b519f50>@@$$QEAV<lambda_7e22f70504d73c22058e5832bde5914f>@@@Z 0000000140083b94     libucrt:putwch.obj
 0002:00014bbc       $unwind$?fin$0@?0???$?RV<lambda_0384895ae1aa6ccbfe369a30d6ca2ef7>@@AEAV<lambda_9e0b6ab72a5b3ae37ad997d08b519f50>@@V<lambda_7e22f70504d73c22058e5832bde5914f>@@@?$__crt_seh_guarded_call@G@@QEAAG$$QEAV<lambda_0384895ae1aa6ccbfe369a30d6ca2ef7>@@AEAV<lambda_9e0b6ab72a5b3ae37ad997d08b519f50>@@$$QEAV<lambda_7e22f70504d73c22058e5832bde5914f>@@@Z@4HA 0000000140083bbc     libucrt:putwch.obj
 0002:00014bc4       $unwind$?__mbrtoc32_utf8@__crt_mbstring@@YA_KPEA_UPEBD_KPEAU_Mbstatet@@@Z 0000000140083bc4     libucrt:mbrtoc32.obj
 0002:00014be4       $unwind$_controlfp_s       0000000140083be4     libucrt:contrlfp.obj
 0002:00014bec       $unwind$fegetenv           0000000140083bec     libucrt:fegetenv.obj
 0002:00014bf4       $unwind$fesetenv           0000000140083bf4     libucrt:fesetenv.obj
 0002:00014bfc       $unwind$feholdexcept       0000000140083bfc     libucrt:feholdexcept.obj
 0002:00014c08       $xdatasym                  0000000140083c08     libucrt:log10.obj
 0002:00014c18       $unwind$__acrt_fenv_set_control 0000000140083c18     libucrt:_fenvutils.obj
 0002:00014c2c       $unwind$?to_machine_sse_control@@YA?AW4__acrt_fenv_machine_sse_control@@W4__acrt_fenv_abstract_control@@@Z 0000000140083c2c     libucrt:_fenvutils.obj
 0002:00014c40       $unwind$mbstowcs_s         0000000140083c40     libucrt:mbstowcs.obj
 0002:00014c48       $unwind$_mbstowcs_s_l      0000000140083c48     libucrt:mbstowcs.obj
 0002:00014c64       $unwind$?_mbstowcs_l_helper@@YA_KPEA_WPEBD_KPEAU__crt_locale_pointers@@@Z 0000000140083c64     libucrt:mbstowcs.obj
 0002:00014c80       $unwind$__acrt_CompareStringW 0000000140083c80     libucrt:comparestringw.obj
 0002:00014c9c       $unwind$_strnicmp          0000000140083c9c     libucrt:strnicmp.obj
 0002:00014ca4       $unwind$_strnicmp_l        0000000140083ca4     libucrt:strnicmp.obj
 0002:00014cb8       $unwind$__acrt_CompareStringA 0000000140083cb8     libucrt:comparestringa.obj
 0002:00014ccc       $unwind$?InternalCompareStringA@@YAHPEAU__crt_locale_pointers@@PEB_WKPEBDH2HH@Z 0000000140083ccc     libucrt:comparestringa.obj
 0002:00014cf4       $unwind$_towlower_l        0000000140083cf4     libucrt:towlower.obj
 0002:00014cfc       $unwind$__dcrt_lowio_ensure_console_output_initialized 0000000140083cfc     libucrt:initcon.obj
 0002:00014d04       $unwind$__dcrt_write_console 0000000140083d04     libucrt:initcon.obj
 0002:00014d1c       $unwind$?__dcrt_lowio_initialize_console_output@@YAXXZ 0000000140083d1c     libucrt:initcon.obj
 0002:00014d24       $unwind$__dcrt_terminate_console_output 0000000140083d24     libucrt:initcon.obj
 0002:00014d2c       $unwind$??R<lambda_61c1b8a38cedca4df5fdc542e6ccae6d>@@QEBAHXZ 0000000140083d2c     libucrt:initcon.obj
 0002:00014d34       $unwind$??$console_output_reopen_and_retry@V<lambda_61c1b8a38cedca4df5fdc542e6ccae6d>@@@@YAHAEBV<lambda_61c1b8a38cedca4df5fdc542e6ccae6d>@@@Z 0000000140083d34     libucrt:initcon.obj
 0002:00014d44       $unwind$_clearfp           0000000140083d44     libucrt:ieee.obj
 0002:00014d4c       $unwind$_set_controlfp     0000000140083d4c     libucrt:ieee.obj
 0002:00014d54       $unwind$common_control87   0000000140083d54     libucrt:ieee.obj
 0002:00014d84       $unwind$common_control87$filt$0 0000000140083d84     libucrt:ieee.obj
 0002:00014d8c       $unwind$_call_matherr      0000000140083d8c     libucrt:libm_error.obj
 0002:00014d94       $unwind$_exception_enabled 0000000140083d94     libucrt:libm_error.obj
 0002:00014da8       $unwind$_handle_errorf     0000000140083da8     libucrt:libm_error.obj
 0002:00014dcc       $unwind$_handle_error      0000000140083dcc     libucrt:libm_error.obj
 0002:00014df0       $unwind$__acrt_initialize_fma3 0000000140083df0     libucrt:fma3_available.obj
 0002:00014df8       $unwind$_logf_special_common 0000000140083df8     libucrt:log_special.obj
 0002:00014e08       $unwind$_logf_special      0000000140083e08     libucrt:log_special.obj
 0002:00014e10       $unwind$_log10f_special    0000000140083e10     libucrt:log_special.obj
 0002:00014e18       $unwind$_log_special_common 0000000140083e18     libucrt:log_special.obj
 0002:00014e28       $unwind$_log_special       0000000140083e28     libucrt:log_special.obj
 0002:00014e30       $unwind$_log10_special     0000000140083e30     libucrt:log_special.obj
 0002:00014e38       $unwind$__acrt_LCMapStringW 0000000140083e38     libucrt:lcmapstringw.obj
 0002:00014e50       $xdatasym                  0000000140083e50     libucrt:fpsr.obj
 0002:00014e58       $unwind$_except1           0000000140083e58     libucrt:fpexcept.obj
 0002:00014e7c       $unwind$_except2           0000000140083e7c     libucrt:fpexcept.obj
 0002:00014ea4       $unwind$_set_errno_from_matherr 0000000140083ea4     libucrt:fpexcept.obj
 0002:00014eac       $unwind$_handle_exc        0000000140083eac     libucrt:fpexcept.obj
 0002:00014ecc       $unwind$_raise_excf        0000000140083ecc     libucrt:fpexcept.obj
 0002:00014ed4       $unwind$_raise_exc         0000000140083ed4     libucrt:fpexcept.obj
 0002:00014edc       $unwind$_umatherr          0000000140083edc     libucrt:fpexcept.obj
 0002:00014ee4       $unwind$_raise_exc_ex      0000000140083ee4     libucrt:fpexcept.obj
 0002:00014efc       $unwind$_clrfp             0000000140083efc     libucrt:fpctrl.obj
 0002:00014f04       $unwind$_ctrlfp            0000000140083f04     libucrt:fpctrl.obj
 0002:00014f30       $unwind$_ctrlfp$filt$0     0000000140083f30     libucrt:fpctrl.obj
 0002:00014f38       $unwind$_statfp            0000000140083f38     libucrt:fpctrl.obj
 0002:00014f40       $unwind$_set_statfp        0000000140083f40     libucrt:fpctrl.obj
 0002:00014f48       $unwind$_IsNonwritableInCurrentImage 0000000140083f48     LIBCMT:pesect.obj
 0002:00014f70       $unwind$_IsNonwritableInCurrentImage$filt$0 0000000140083f70     LIBCMT:pesect.obj
 0002:00014f78       $unwind$??_Gtype_info@@UEAAPEAXI@Z 0000000140083f78     LIBCMT:std_type_info_static.obj
 0002:00014f80       $unwind$__GSHandlerCheck_SEH 0000000140083f80     LIBCMT:gshandlerseh.obj
 0002:00014fa0       $xdatasym                  0000000140083fa0     LIBCMT:chkstk.obj
 0002:00014fa8       $unwind$_local_unwind      0000000140083fa8     libvcruntime:jmpuwind.obj
 0002:00014fb0       $xdatasym                  0000000140083fb0     libvcruntime:memcmp.obj
 0002:00014fb4       $unwind$ungetc             0000000140083fb4     libucrt:ungetc.obj
 0002:00014fd8       $unwind$fgetwc             0000000140083fd8     libucrt:fgetwc.obj
 0002:00014ffc       $unwind$_fgetwc_nolock     0000000140083ffc     libucrt:fgetwc.obj
 0002:0001500c       $unwind$??$common_fgets@D@@YAPEADQEADHV__crt_stdio_stream@@@Z 000000014008400c     libucrt:fgets.obj
 0002:00015038       $unwind$??$common_fgets@_W@@YAPEA_WQEA_WHV__crt_stdio_stream@@@Z 0000000140084038     libucrt:fgets.obj
 0003:00000000       $SG98607                   0000000140085000     main.obj
 0003:00000048       $SG98608                   0000000140085048     main.obj
 0003:00000054       $SG98613                   0000000140085054     main.obj
 0003:00000058       $SG98610                   0000000140085058     main.obj
 0003:00000080       $SG98609                   0000000140085080     main.obj
 0003:000000c8       $SG98614                   00000001400850c8     main.obj
 0003:000000d0       $SG98611                   00000001400850d0     main.obj
 0003:00000118       $SG98612                   0000000140085118     main.obj
 0003:00000134       $SG98616                   0000000140085134     main.obj
 0003:00000138       $SG98635                   0000000140085138     main.obj
 0003:00000154       $SG98636                   0000000140085154     main.obj
 0003:0000015c       $SG98637                   000000014008515c     main.obj
 0003:00000160       $SG98659                   0000000140085160     main.obj
 0003:0000017c       $SG98664                   000000014008517c     main.obj
 0003:00000180       $SG98660                   0000000140085180     main.obj
 0003:00000194       $SG98665                   0000000140085194     main.obj
 0003:00000198       $SG98661                   0000000140085198     main.obj
 0003:000001ac       $SG98666                   00000001400851ac     main.obj
 0003:000001b0       $SG98662                   00000001400851b0     main.obj
 0003:000001c0       $SG98677                   00000001400851c0     main.obj
 0003:000001e0       $SG98678                   00000001400851e0     main.obj
 0003:000001f8       $SG98702                   00000001400851f8     main.obj
 0003:00000218       $SG98703                   0000000140085218     main.obj
 0003:00000230       $SG98704                   0000000140085230     main.obj
 0003:00000250       $SG98705                   0000000140085250     main.obj
 0003:00000268       $SG98710                   0000000140085268     main.obj
 0003:000002a0       $SG98711                   00000001400852a0     main.obj
 0003:000002e0       $SG98726                   00000001400852e0     main.obj
 0003:00000300       $SG98728                   0000000140085300     main.obj
 0003:00000310       $SG98729                   0000000140085310     main.obj
 0003:00000410       ?__vcrt_flsindex@@3KA      0000000140085410     libvcruntime:per_thread_data.obj
 0003:00000418       ?prefix@?1??getDimension@UnDecorator@@CA?AVDName@@_N@Z@4UStringLiteral@@A 0000000140085418     libvcruntime:undname.obj
 0003:00000570       _ctype_loc_style           0000000140085570     libucrt:wsetlocale.obj
 0003:00000580       ?errno_no_memory@@3HA      0000000140085580     libucrt:errno.obj
 0003:00000584       ?doserrno_no_memory@@3KA   0000000140085584     libucrt:errno.obj
 0003:000005e8       ?__acrt_flsindex@@3KA      00000001400855e8     libucrt:per_thread_data.obj
 0003:00000a50       _mbctypes                  0000000140085a50     libucrt:mbctype.obj
 0003:00000b90       _mbcasemaps                0000000140085b90     libucrt:mbctype.obj
 0003:00000cc4       ?__rgctypeflag@@3PADA      0000000140085cc4     libucrt:mbctype.obj
 0003:00000cd0       ?__rgcode_page_info@@3PAUcode_page_info@@A 0000000140085cd0     libucrt:mbctype.obj
 0003:00001020       ?__dcrt_lowio_console_output_handle@@3PEAXEA 0000000140086020     libucrt:initcon.obj
 0003:00001029       ?dazSupported@?1??common_control87@@9@9 0000000140086029     libucrt:ieee.obj
 0003:00001030       ?dazSupported@?1??_ctrlfp@@9@9 0000000140086030     libucrt:fpctrl.obj
 0003:00001530       GS_ExceptionRecord         0000000140086530     LIBCMT:gs_report.obj
 0003:000015d0       GS_ContextRecord           00000001400865d0     LIBCMT:gs_report.obj
 0003:00001bc8       ?is_initialized_as_dll@@3_NA 0000000140086bc8     LIBCMT:utility.obj
 0003:00001bc9       ?module_local_atexit_table_initialized@@3_NA 0000000140086bc9     LIBCMT:utility.obj
 0003:00001bd0       ?module_local_atexit_table@@3U_onexit_table_t@@A 0000000140086bd0     LIBCMT:utility.obj
 0003:00001be8       ?module_local_at_quick_exit_table@@3U_onexit_table_t@@A 0000000140086be8     LIBCMT:utility.obj
 0003:00001c70       ?__vcrt_startup_thread_ptd@@3U__vcrt_ptd@@A 0000000140086c70     libvcruntime:per_thread_data.obj
 0003:00001d10       __vcrt_lock_table          0000000140086d10     libvcruntime:locks.obj
 0003:00001d38       __vcrt_locks_initialized   0000000140086d38     libvcruntime:locks.obj
 0003:00001d88       ?heap@@3V_HeapManager@@A   0000000140086d88     libvcruntime:undname.obj
 0003:00001dc8       ?module_handles@@3PAPEAUHINSTANCE__@@A 0000000140086dc8     libvcruntime:winapi_downlevel.obj
 0003:00001de0       ?function_pointers@@3PAPEAXA 0000000140086de0     libvcruntime:winapi_downlevel.obj
 0003:00001e40       ?__acrt_app_type@@3W4_crt_app_type@@A 0000000140086e40     libucrt:report_runtime_error.obj
 0003:00001e50       ?outmsg@?9??__acrt_report_runtime_error@@9@4PA_WA 0000000140086e50     libucrt:report_runtime_error.obj
 0003:000025b8       ?user_matherr@@3V?$dual_state_global@P6AHPEAU_exception@@@Z@__crt_state_management@@A 00000001400875b8     libucrt:matherr.obj
 0003:000025d0       ?program_name@?1???$common_configure_argv@D@@YAHW4_crt_argv_mode@@@Z@4PADA 00000001400875d0     libucrt:argv_parsing.obj
 0003:00002710       ?program_name@?1???$common_configure_argv@_W@@YAHW4_crt_argv_mode@@@Z@4PA_WA 0000000140087710     libucrt:argv_parsing.obj
 0003:000029bc       ?c_termination_complete@@3JA 00000001400879bc     libucrt:exit.obj
 0003:000029c0       ?thread_local_exit_callback_func@@3P6AXPEAXK0@ZEA 00000001400879c0     libucrt:exit.obj
 0003:00002a30       ?__acrt_global_new_mode@@3V?$dual_state_global@J@__crt_state_management@@A 0000000140087a30     libucrt:new_mode.obj
 0003:00002a78       ?__acrt_invalid_parameter_handler@@3V?$dual_state_global@P6AXPEB_W00I_K@Z@__crt_state_management@@A 0000000140087a78     libucrt:invalid_parameter.obj
 0003:00002a90       ?module_handles@@3PAPEAUHINSTANCE__@@A 0000000140087a90     libucrt:winapi_thunks.obj
 0003:00002b30       ?encoded_function_pointers@@3PAPEAXA 0000000140087b30     libucrt:winapi_thunks.obj
 0003:00002c98       ?static_enum_proc@?1??enum_system_locales_ex_nolock@@YAHQ6AHPEA_WK_J@Z@Z@4P6AH0K1@ZEA 0000000140087c98     libucrt:winapi_thunks.obj
 0003:00003180       ?internal_state@?1??_mbtowc_l@@9@4U_Mbstatet@@A 0000000140088180     libucrt:mbtowc.obj
 0003:00003190       ?enable_percent_n@@3_KA    0000000140088190     libucrt:printf_count_output.obj
 0003:000031cc       __acrt_error_mode          00000001400881cc     libucrt:set_error_mode.obj
 0003:000031d0       ?console_ctrl_handler_installed@@3_NA 00000001400881d0     libucrt:signal.obj
 0003:000031d8       ?ctrlc_action@@3V?$dual_state_global@P6AXH@Z@__crt_state_management@@A 00000001400881d8     libucrt:signal.obj
 0003:000031e0       ?ctrlbreak_action@@3V?$dual_state_global@P6AXH@Z@__crt_state_management@@A 00000001400881e0     libucrt:signal.obj
 0003:000031e8       ?abort_action@@3V?$dual_state_global@P6AXH@Z@__crt_state_management@@A 00000001400881e8     libucrt:signal.obj
 0003:000031f0       ?term_action@@3V?$dual_state_global@P6AXH@Z@__crt_state_management@@A 00000001400881f0     libucrt:signal.obj
 0003:00003218       ?fSystemSet@@3HA           0000000140088218     libucrt:mbctype.obj
 0003:00003221       ?initialized@?1??__acrt_initialize_multibyte@@9@4_NA 0000000140088221     libucrt:mbctype.obj
 0003:00003230       ?__acrt_lock_table@@3PAU_RTL_CRITICAL_SECTION@@A 0000000140088230     libucrt:locks.obj
 0003:00003460       ?__acrt_locks_initialized@@3IA 0000000140088460     libucrt:locks.obj
 0003:000034d4       ?state_cache@?1???$get_cached_win_policy@Ubegin_thread_init_policy_properties@?1??__acrt_get_begin_thread_init_policy@@YA?AW4begin_thread_init_policy@@XZ@@@YA?AW4begin_thread_init_policy@@W4AppPolicyThreadInitializationType@@@Z@4JA 00000001400884d4     libucrt:win_policies.obj
 0003:000034d8       ?state_cache@?1???$get_cached_win_policy@Udeveloper_information_policy_properties@?1??__acrt_get_developer_information_policy@@YA?AW4developer_information_policy@@XZ@@@YA?AW4developer_information_policy@@W4AppPolicyShowDeveloperDiagnostic@@@Z@4JA 00000001400884d8     libucrt:win_policies.obj
 0003:000034dc       ?state_cache@?1???$get_cached_win_policy@Uwindowing_model_policy_properties@?1??__acrt_get_windowing_model_policy@@YA?AW4windowing_model_policy@@XZ@@@YA?AW4windowing_model_policy@@W4AppPolicyWindowingModel@@@Z@4JA 00000001400884dc     libucrt:win_policies.obj
 0003:00003500       ?__acrt_new_handler@@3V?$dual_state_global@P6AH_K@Z@__crt_state_management@@A 0000000140088500     libucrt:new_handler.obj
 0003:00003510       ?mbst@?1??mbrlen@@9@4U_Mbstatet@@A 0000000140088510     libucrt:mbrtowc.obj
 0003:00003520       ?mbst@?1??mbrtowc@@9@4U_Mbstatet@@A 0000000140088520     libucrt:mbrtowc.obj
 0003:00003530       ?mbst@?1??_mbsrtowcs_helper@@YA_KPEA_WPEAPEBD_KPEAU_Mbstatet@@@Z@4U2@A 0000000140088530     libucrt:mbrtowc.obj
 0003:00003540       ?internal_pst@?1??__mbrtoc32_utf8@__crt_mbstring@@YA_KPEA_UPEBD_KPEAU_Mbstatet@@@Z@4U3@A 0000000140088540     libucrt:mbrtoc32.obj
 0005:000008b0       .idata$6                   000000014008f8b0     kernel32:KERNEL32.dll
 0007:00000000       MsetTab                    0000000140091000     libvcruntime:memset.obj
 0007:00000060       MoveSmall                  0000000140091060     libvcruntime:memcpy.obj
 0007:000000a0       MoveSmallYmm               00000001400910a0     libvcruntime:memcpy.obj
 0007:000000c4       MoveSmallYmmNT             00000001400910c4     libvcruntime:memcpy.obj
 0007:000000e8       MoveSmallXmm               00000001400910e8     libvcruntime:memcpy.obj
